Component: ARM Compiler 5.06 update 7 (build 960) Tool: armlink [4d3601]

==============================================================================

Section Cross References

    system_stm32f4xx.o(.text) refers to system_stm32f4xx.o(.data) for .data
    startup_stm32f40_41xxx.o(RESET) refers to startup_stm32f40_41xxx.o(STACK) for __initial_sp
    startup_stm32f40_41xxx.o(RESET) refers to startup_stm32f40_41xxx.o(.text) for Reset_Handler
    startup_stm32f40_41xxx.o(RESET) refers to stm32f4xx_it.o(.text) for NMI_Handler
    startup_stm32f40_41xxx.o(RESET) refers to sys.o(.text) for SysTick_Handler
    startup_stm32f40_41xxx.o(RESET) refers to uart1.o(.text) for USART1_IRQHandler
    startup_stm32f40_41xxx.o(RESET) refers to uart2.o(.text) for USART2_IRQHandler
    startup_stm32f40_41xxx.o(RESET) refers to y_zx_uart3.o(.text) for USART3_IRQHandler
    startup_stm32f40_41xxx.o(RESET) refers to y_spwm.o(.text) for TIM8_UP_TIM13_IRQHandler
    startup_stm32f40_41xxx.o(RESET) refers to y_servo.o(.text) for TIM8_TRG_COM_TIM14_IRQHandler
    startup_stm32f40_41xxx.o(RESET) refers to uart4.o(.text) for UART4_IRQHandler
    startup_stm32f40_41xxx.o(RESET) refers to y_sbus.o(.text) for UART5_IRQHandler
    startup_stm32f40_41xxx.o(RESET) refers to usb_bsp.o(.text) for OTG_FS_IRQHandler
    startup_stm32f40_41xxx.o(RESET) refers to uart6.o(.text) for USART6_IRQHandler
    startup_stm32f40_41xxx.o(.text) refers to system_stm32f4xx.o(.text) for SystemInit
    startup_stm32f40_41xxx.o(.text) refers to entry.o(.ARM.Collect$$$$00000000) for __main
    stm32f4xx_adc.o(.text) refers to stm32f4xx_rcc.o(.text) for RCC_APB2PeriphResetCmd
    stm32f4xx_can.o(.text) refers to stm32f4xx_rcc.o(.text) for RCC_APB1PeriphResetCmd
    stm32f4xx_gpio.o(.text) refers to stm32f4xx_rcc.o(.text) for RCC_AHB1PeriphResetCmd
    stm32f4xx_i2c.o(.text) refers to stm32f4xx_rcc.o(.text) for RCC_APB1PeriphResetCmd
    stm32f4xx_rcc.o(.text) refers to stm32f4xx_rcc.o(.data) for .data
    stm32f4xx_sdio.o(.text) refers to stm32f4xx_rcc.o(.text) for RCC_APB2PeriphResetCmd
    stm32f4xx_spi.o(.text) refers to stm32f4xx_rcc.o(.text) for RCC_APB1PeriphResetCmd
    stm32f4xx_syscfg.o(.text) refers to stm32f4xx_rcc.o(.text) for RCC_APB2PeriphResetCmd
    stm32f4xx_tim.o(.text) refers to stm32f4xx_rcc.o(.text) for RCC_APB2PeriphResetCmd
    stm32f4xx_usart.o(.text) refers to stm32f4xx_rcc.o(.text) for RCC_APB2PeriphResetCmd
    stm32f4xx_dac.o(.text) refers to stm32f4xx_rcc.o(.text) for RCC_APB1PeriphResetCmd
    usbh_hid_core.o(.text) refers to printfa.o(i.__0printf) for __2printf
    usbh_hid_core.o(.text) refers to usbh_hcs.o(.text) for USBH_Alloc_Channel
    usbh_hid_core.o(.text) refers to usb_core.o(.text) for USB_OTG_HC_Halt
    usbh_hid_core.o(.text) refers to usbh_stdreq.o(.text) for USBH_GetDescriptor
    usbh_hid_core.o(.text) refers to usbh_ioreq.o(.text) for USBH_CtlReq
    usbh_hid_core.o(.text) refers to usb_hcd.o(.text) for HCD_GetCurrentFrame
    usbh_hid_core.o(.text) refers to usbh_hid_core.o(.bss) for .bss
    usbh_hid_core.o(.text) refers to usbh_hid_core.o(.data) for .data
    usbh_hid_core.o(.text) refers to usbh_hid_keybd.o(.data) for HID_KEYBRD_cb
    usbh_hid_core.o(.text) refers to usbh_hid_mouse.o(.data) for HID_MOUSE_cb
    usbh_hid_core.o(.text) refers to usbh_hid_gamepad.o(.data) for HID_GAMEPAD_cb
    usbh_hid_core.o(.data) refers to usbh_hid_core.o(.text) for USBH_HID_InterfaceInit
    usbh_hid_gamepad.o(.text) refers to usbh_usr.o(.text) for USR_GAMEPAD_Init
    usbh_hid_gamepad.o(.text) refers to usbh_hid_gamepad.o(.bss) for .bss
    usbh_hid_gamepad.o(.text) refers to usbh_hid_gamepad.o(.data) for .data
    usbh_hid_gamepad.o(.data) refers to usbh_hid_gamepad.o(.text) for GAMEPAD_Init
    usbh_hid_keybd.o(.text) refers to usbh_usr.o(.text) for USR_KEYBRD_Init
    usbh_hid_keybd.o(.text) refers to usbh_hid_keybd.o(.data) for .data
    usbh_hid_keybd.o(.text) refers to usbh_hid_keybd.o(.constdata) for .constdata
    usbh_hid_keybd.o(.data) refers to usbh_hid_keybd.o(.text) for KEYBRD_Init
    usbh_hid_mouse.o(.text) refers to usbh_usr.o(.text) for USR_MOUSE_Init
    usbh_hid_mouse.o(.text) refers to usbh_hid_mouse.o(.data) for .data
    usbh_hid_mouse.o(.data) refers to usbh_hid_mouse.o(.text) for MOUSE_Init
    usbh_core.o(.text) refers to usb_bsp.o(.text) for USB_OTG_BSP_DriveVBUS
    usbh_core.o(.text) refers to usb_core.o(.text) for USB_OTG_DisableGlobalInt
    usbh_core.o(.text) refers to usbh_hcs.o(.text) for USBH_Free_Channel
    usbh_core.o(.text) refers to usb_hcd.o(.text) for HCD_Init
    usbh_core.o(.text) refers to usbh_ioreq.o(.text) for USBH_CtlSendSetup
    usbh_core.o(.text) refers to usbh_stdreq.o(.text) for USBH_Get_DevDesc
    usbh_core.o(.text) refers to usbh_core.o(.data) for .data
    usbh_core.o(.data) refers to usbh_core.o(.text) for USBH_SOF
    usbh_core.o(.data) refers to usbh_core.o(.data) for USBH_HCD_INT_cb
    usbh_hcs.o(.text) refers to usb_core.o(.text) for USB_OTG_HC_Init
    usbh_ioreq.o(.text) refers to usb_hcd.o(.text) for HCD_SubmitRequest
    usbh_stdreq.o(.text) refers to usbh_ioreq.o(.text) for USBH_CtlReq
    usbh_stdreq.o(.text) refers to usbh_stdreq.o(.data) for .data
    usbh_stdreq.o(.text) refers to usbh_stdreq.o(.bss) for .bss
    usb_hcd_int.o(.text) refers to usb_core.o(.text) for USB_OTG_InitFSLSPClkSel
    usb_hcd_int.o(.text) refers to usbh_core.o(.data) for USBH_HCD_INT_fops
    usb_hcd.o(.text) refers to usb_core.o(.text) for USB_OTG_SelectCore
    usb_core.o(.text) refers to usb_bsp.o(.text) for USB_OTG_BSP_uDelay
    usb_bsp.o(.text) refers to usb_hcd_int.o(.text) for USBH_OTG_ISR_Handler
    usb_bsp.o(.text) refers to stm32f4xx_rcc.o(.text) for RCC_AHB1PeriphClockCmd
    usb_bsp.o(.text) refers to stm32f4xx_gpio.o(.text) for GPIO_Init
    usb_bsp.o(.text) refers to misc.o(.text) for NVIC_Init
    usb_bsp.o(.text) refers to main.o(.bss) for USB_OTG_Core_dev
    usbh_usr.o(.text) refers to printfa.o(i.__0printf) for __2printf
    usbh_usr.o(.text) refers to printfa.o(i.__0sprintf) for __2sprintf
    usbh_usr.o(.text) refers to usbh_usr.o(.data) for .data
    usbh_usr.o(.data) refers to usbh_usr.o(.text) for USBH_USR_Init
    gpio_int.o(.text) refers to stm32f4xx_rcc.o(.text) for RCC_AHB1PeriphClockCmd
    gpio_int.o(.text) refers to stm32f4xx_gpio.o(.text) for GPIO_PinAFConfig
    gpio_int.o(.text) refers to stm32f4xx_tim.o(.text) for TIM_TimeBaseInit
    gpio_int.o(.text) refers to sys.o(.text) for Delay_us
    gpio_int.o(.text) refers to stm32f4xx_adc.o(.text) for ADC_CommonInit
    gpio_int.o(.text) refers to dfltui.o(.text) for __aeabi_ui2d
    gpio_int.o(.text) refers to dmul.o(.text) for __aeabi_dmul
    gpio_int.o(.text) refers to ddiv.o(.text) for __aeabi_ddiv
    gpio_int.o(.text) refers to dfixui.o(.text) for __aeabi_d2uiz
    sys.o(.text) refers to task_manager.o(.text) for Timer_Task_Count
    sys.o(.text) refers to system_stm32f4xx.o(.data) for SystemCoreClock
    sys.o(.text) refers to sys.o(.data) for .data
    can.o(.text) refers to stm32f4xx_rcc.o(.text) for RCC_AHB1PeriphClockCmd
    can.o(.text) refers to stm32f4xx_gpio.o(.text) for GPIO_Init
    can.o(.text) refers to stm32f4xx_can.o(.text) for CAN_Init
    uart1.o(.text) refers to stm32f4xx_rcc.o(.text) for RCC_AHB1PeriphClockCmd
    uart1.o(.text) refers to stm32f4xx_gpio.o(.text) for GPIO_PinAFConfig
    uart1.o(.text) refers to stm32f4xx_usart.o(.text) for USART_Init
    uart1.o(.text) refers to misc.o(.text) for NVIC_Init
    uart1.o(.text) refers to y_global.o(.data) for uart1_get_ok
    uart1.o(.text) refers to y_global.o(.data) for uart1_mode
    uart1.o(.text) refers to uart1.o(.data) for .data
    uart1.o(.text) refers to y_global.o(.bss) for uart_receive_buf
    uart2.o(.text) refers to stm32f4xx_rcc.o(.text) for RCC_AHB1PeriphClockCmd
    uart2.o(.text) refers to stm32f4xx_gpio.o(.text) for GPIO_PinAFConfig
    uart2.o(.text) refers to stm32f4xx_usart.o(.text) for USART_Init
    uart2.o(.text) refers to misc.o(.text) for NVIC_Init
    uart2.o(.text) refers to y_global.o(.data) for uart1_get_ok
    uart2.o(.text) refers to y_global.o(.data) for uart1_mode
    uart2.o(.text) refers to uart2.o(.data) for .data
    uart2.o(.text) refers to y_global.o(.bss) for uart_receive_buf
    y_zx_uart3.o(.text) refers to stm32f4xx_rcc.o(.text) for RCC_AHB1PeriphClockCmd
    y_zx_uart3.o(.text) refers to stm32f4xx_gpio.o(.text) for GPIO_PinAFConfig
    y_zx_uart3.o(.text) refers to stm32f4xx_usart.o(.text) for USART_Init
    y_zx_uart3.o(.text) refers to misc.o(.text) for NVIC_Init
    y_zx_uart3.o(.text) refers to y_global.o(.data) for uart1_get_ok
    y_zx_uart3.o(.text) refers to y_global.o(.data) for uart1_mode
    y_zx_uart3.o(.text) refers to y_zx_uart3.o(.data) for .data
    y_zx_uart3.o(.text) refers to y_global.o(.bss) for uart_receive_buf
    uart4.o(.text) refers to stm32f4xx_rcc.o(.text) for RCC_AHB1PeriphClockCmd
    uart4.o(.text) refers to stm32f4xx_gpio.o(.text) for GPIO_PinAFConfig
    uart4.o(.text) refers to stm32f4xx_usart.o(.text) for USART_Init
    uart4.o(.text) refers to misc.o(.text) for NVIC_Init
    uart4.o(.text) refers to y_global.o(.data) for uart1_get_ok
    uart4.o(.text) refers to y_global.o(.data) for uart1_mode
    uart4.o(.text) refers to uart4.o(.data) for .data
    uart4.o(.text) refers to y_global.o(.bss) for uart_receive_buf
    uart6.o(.text) refers to stm32f4xx_rcc.o(.text) for RCC_AHB1PeriphClockCmd
    uart6.o(.text) refers to stm32f4xx_gpio.o(.text) for GPIO_PinAFConfig
    uart6.o(.text) refers to stm32f4xx_usart.o(.text) for USART_Init
    uart6.o(.text) refers to misc.o(.text) for NVIC_Init
    uart6.o(.text) refers to y_global.o(.data) for uart1_get_ok
    uart6.o(.text) refers to y_global.o(.data) for uart1_mode
    uart6.o(.text) refers to uart6.o(.data) for .data
    uart6.o(.text) refers to y_global.o(.bss) for uart_receive_buf
    y_beep.o(.text) refers to stm32f4xx_rcc.o(.text) for RCC_AHB1PeriphClockCmd
    y_beep.o(.text) refers to stm32f4xx_gpio.o(.text) for GPIO_Init
    y_beep.o(.text) refers to sys.o(.text) for Delay_ms
    y_motor.o(.text) refers to stm32f4xx_tim.o(.text) for TIM_SetCompare1
    y_motor.o(.text) refers to robot.o(.data) for motor_kp
    y_motor.o(.text) refers to y_motor.o(.data) for .data
    y_motor.o(.text) refers to robot.o(.data) for motor_kd
    y_sbus.o(.text) refers to stm32f4xx_rcc.o(.text) for RCC_AHB1PeriphClockCmd
    y_sbus.o(.text) refers to stm32f4xx_gpio.o(.text) for GPIO_PinAFConfig
    y_sbus.o(.text) refers to stm32f4xx_usart.o(.text) for USART_Init
    y_sbus.o(.text) refers to misc.o(.text) for NVIC_Init
    y_sbus.o(.text) refers to dflti.o(.text) for __aeabi_i2d
    y_sbus.o(.text) refers to dmul.o(.text) for __aeabi_dmul
    y_sbus.o(.text) refers to dfixi.o(.text) for __aeabi_d2iz
    y_sbus.o(.text) refers to y_sbus.o(.bss) for .bss
    y_sbus.o(.text) refers to y_sbus.o(.data) for .data
    y_sbus.o(.text) refers to robot.o(.bss) for Vel
    y_spwm.o(.text) refers to stm32f4xx_rcc.o(.text) for RCC_APB2PeriphClockCmd
    y_spwm.o(.text) refers to stm32f4xx_gpio.o(.text) for GPIO_PinAFConfig
    y_spwm.o(.text) refers to stm32f4xx_tim.o(.text) for TIM_DeInit
    y_spwm.o(.text) refers to misc.o(.text) for NVIC_Init
    y_spwm.o(.text) refers to dflti.o(.text) for __aeabi_i2d
    y_spwm.o(.text) refers to dmul.o(.text) for __aeabi_dmul
    y_spwm.o(.text) refers to dfixi.o(.text) for __aeabi_d2iz
    y_spwm.o(.text) refers to printfa.o(i.__0printf) for __2printf
    y_spwm.o(.text) refers to robot.o(.bss) for Vel
    y_spwm.o(.text) refers to y_spwm.o(.data) for .data
    y_switch.o(.text) refers to sys.o(.text) for Delay_ms
    y_switch.o(.text) refers to stm32f4xx_rcc.o(.text) for RCC_AHB1PeriphClockCmd
    y_switch.o(.text) refers to stm32f4xx_gpio.o(.text) for GPIO_SetBits
    y_w25q64.o(.text) refers to stm32f4xx_spi.o(.text) for SPI_I2S_GetFlagStatus
    y_w25q64.o(.text) refers to stm32f4xx_gpio.o(.text) for GPIO_WriteBit
    y_w25q64.o(.text) refers to stm32f4xx_rcc.o(.text) for RCC_AHB1PeriphClockCmd
    y_w25q64.o(.text) refers to y_w25q64.o(.bss) for .bss
    y_w25q64.o(.text) refers to y_w25q64.o(.data) for .data
    y_w25q64.o(.text) refers to y_global.o(.bss) for eeprom_info
    y_w25q64.o(.text) refers to y_servo.o(.bss) for duoji_doing
    y_servo.o(.text) refers to stm32f4xx_rcc.o(.text) for RCC_AHB1PeriphClockCmd
    y_servo.o(.text) refers to stm32f4xx_gpio.o(.text) for GPIO_Init
    y_servo.o(.text) refers to dflti.o(.text) for __aeabi_i2d
    y_servo.o(.text) refers to dadd.o(.text) for __aeabi_dadd
    y_servo.o(.text) refers to dfixi.o(.text) for __aeabi_d2iz
    y_servo.o(.text) refers to dfltui.o(.text) for __aeabi_ui2d
    y_servo.o(.text) refers to ddiv.o(.text) for __aeabi_ddiv
    y_servo.o(.text) refers to f2d.o(.text) for __aeabi_f2d
    y_servo.o(.text) refers to d2f.o(.text) for __aeabi_d2f
    y_servo.o(.text) refers to y_global.o(.text) for abs_float
    y_servo.o(.text) refers to stm32f4xx_tim.o(.text) for TIM_TimeBaseInit
    y_servo.o(.text) refers to misc.o(.text) for NVIC_Init
    y_servo.o(.text) refers to y_servo.o(.bss) for .bss
    y_servo.o(.text) refers to y_servo.o(.data) for .data
    y_mpu6050.o(.text) refers to y_myiic.o(.text) for IIC_Start
    y_mpu6050.o(.text) refers to dflti.o(.text) for __aeabi_i2d
    y_mpu6050.o(.text) refers to ddiv.o(.text) for __aeabi_ddiv
    y_mpu6050.o(.text) refers to dadd.o(.text) for __aeabi_dadd
    y_mpu6050.o(.text) refers to d2f.o(.text) for __aeabi_d2f
    y_myiic.o(.text) refers to stm32f4xx_rcc.o(.text) for RCC_AHB1PeriphClockCmd
    y_myiic.o(.text) refers to stm32f4xx_gpio.o(.text) for GPIO_Init
    y_myiic.o(.text) refers to sys.o(.text) for Delay_us
    y_oled.o(.text) refers to sys.o(.text) for Delay_us
    y_oled.o(.text) refers to stm32f4xx_gpio.o(.text) for GPIO_ReadInputDataBit
    y_oled.o(.text) refers to printfa.o(i.__0printf) for __2printf
    y_oled.o(.text) refers to stm32f4xx_rcc.o(.text) for RCC_AHB1PeriphClockCmd
    y_oled.o(.text) refers to y_oled.o(.constdata) for .constdata
    y_oled.o(.text) refers to y_oled.o(.data) for .data
    kinematics.o(.text) refers to gpio_int.o(.text) for ENCODER_A_GetCounter
    kinematics.o(.text) refers to f2d.o(.text) for __aeabi_f2d
    kinematics.o(.text) refers to dadd.o(.text) for __aeabi_dadd
    kinematics.o(.text) refers to dmul.o(.text) for __aeabi_dmul
    kinematics.o(.text) refers to dfixi.o(.text) for __aeabi_d2iz
    kinematics.o(.text) refers to ddiv.o(.text) for __aeabi_ddiv
    kinematics.o(.text) refers to dflti.o(.text) for __aeabi_i2d
    kinematics.o(.text) refers to d2f.o(.text) for __aeabi_d2f
    kinematics.o(.text) refers to y_motor.o(.text) for SPEED_PidCtlA
    kinematics.o(.text) refers to atan.o(i.__hardfp_atan) for __hardfp_atan
    kinematics.o(.text) refers to sqrt.o(i.__hardfp_sqrt) for __hardfp_sqrt
    kinematics.o(.text) refers to cos.o(i.__hardfp_cos) for __hardfp_cos
    kinematics.o(.text) refers to robot.o(.bss) for Vel
    kinematics.o(.text) refers to robot.o(.bss) for Wheel_A
    kinematics.o(.text) refers to robot.o(.bss) for Wheel_B
    kinematics.o(.text) refers to robot.o(.bss) for Wheel_C
    kinematics.o(.text) refers to robot.o(.bss) for Wheel_D
    kinematics.o(.text) refers to sin.o(i.__hardfp_sin) for __hardfp_sin
    kinematics.o(.text) refers to cdrcmple.o(.text) for __aeabi_cdrcmple
    kinematics.o(.text) refers to acos.o(i.__hardfp_acos) for __hardfp_acos
    robot.o(.text) refers to kinematics.o(.text) for ROBOT_Kinematics
    robot.o(.text) refers to gpio_int.o(.text) for VIN_GetVol_X100
    robot.o(.text) refers to y_motor.o(.text) for MOTOR_A_SetSpeed
    robot.o(.text) refers to stm32f4xx_gpio.o(.text) for GPIO_SetBits
    robot.o(.text) refers to y_switch.o(.text) for KEY_Scan
    robot.o(.text) refers to sys.o(.text) for Delay_ms
    robot.o(.text) refers to robot.o(.data) for .data
    main.o(.text) refers to misc.o(.text) for NVIC_PriorityGroupConfig
    main.o(.text) refers to sys.o(.text) for Delay_ms
    main.o(.text) refers to gpio_int.o(.text) for GPIO_LED_int
    main.o(.text) refers to y_servo.o(.text) for SERVO_Init
    main.o(.text) refers to y_beep.o(.text) for BEEP_Init
    main.o(.text) refers to uart1.o(.text) for UART1_Init
    main.o(.text) refers to uart2.o(.text) for UART2_Init
    main.o(.text) refers to y_zx_uart3.o(.text) for USART3_Init
    main.o(.text) refers to uart4.o(.text) for UART4_Init
    main.o(.text) refers to y_w25q64.o(.text) for setup_w25q64
    main.o(.text) refers to y_mpu6050.o(.text) for MPU_Init
    main.o(.text) refers to y_global.o(.text) for others_init
    main.o(.text) refers to app_sensor.o(.text) for app_sensor_init
    main.o(.text) refers to kinematics.o(.text) for setup_kinematics
    main.o(.text) refers to y_oled.o(.text) for OLED_Init
    main.o(.text) refers to usbh_core.o(.text) for USBH_Init
    main.o(.text) refers to task_manager.o(.text) for Task_Manage_List_Init
    main.o(.text) refers to kinematics.o(.bss) for kinematics
    main.o(.text) refers to usbh_usr.o(.data) for USR_Callbacks
    main.o(.text) refers to usbh_hid_core.o(.data) for HID_cb
    main.o(.text) refers to main.o(.bss) for .bss
    task_manager.o(.text) refers to app_sensor.o(.text) for app_sensor_run
    task_manager.o(.text) refers to usbh_core.o(.text) for USBH_Process
    task_manager.o(.text) refers to app_ps2.o(.text) for app_ps2
    task_manager.o(.text) refers to y_global.o(.text) for parse_cmd
    task_manager.o(.text) refers to y_mpu6050.o(.text) for MPU_Get_Gyroscope
    task_manager.o(.text) refers to robot.o(.text) for Robot_Task
    task_manager.o(.text) refers to stm32f4xx_gpio.o(.text) for GPIO_ToggleBits
    task_manager.o(.text) refers to gpio_int.o(.text) for ENCODER_A_GetCounter
    task_manager.o(.text) refers to f2d.o(.text) for __aeabi_f2d
    task_manager.o(.text) refers to d2f.o(.text) for __aeabi_d2f
    task_manager.o(.text) refers to y_motor.o(.text) for SPEED_PidCtlA
    task_manager.o(.text) refers to task_manager.o(.bss) for .bss
    task_manager.o(.text) refers to main.o(.bss) for USB_Host
    task_manager.o(.text) refers to y_global.o(.data) for uart1_get_ok
    task_manager.o(.text) refers to y_global.o(.data) for uart1_mode
    task_manager.o(.text) refers to task_manager.o(.data) for .data
    task_manager.o(.text) refers to y_global.o(.bss) for uart_receive_buf
    task_manager.o(.text) refers to robot.o(.data) for imu_gyro_data
    task_manager.o(.text) refers to robot.o(.data) for imu_acc_data
    y_global.o(.text) refers to _scanf_int.o(.text) for _scanf_int
    y_global.o(.text) refers to scanf_fp.o(.text) for _scanf_real
    y_global.o(.text) refers to printfa.o(i.__0printf) for __2printf
    y_global.o(.text) refers to y_w25q64.o(.text) for SpiFlashEraseSector
    y_global.o(.text) refers to uart1.o(.text) for uart1_send_str
    y_global.o(.text) refers to y_zx_uart3.o(.text) for uart3_send_str
    y_global.o(.text) refers to strlen.o(.text) for strlen
    y_global.o(.text) refers to y_servo.o(.text) for duoji_doing_set
    y_global.o(.text) refers to kinematics.o(.text) for kinematics_analysis
    y_global.o(.text) refers to y_global.o(.bss) for .bss
    y_global.o(.text) refers to y_global.o(.data) for .data
    y_global.o(.text) refers to y_servo.o(.bss) for duoji_doing
    y_global.o(.text) refers to kinematics.o(.bss) for kinematics
    y_global.o(.text) refers to printfa.o(i.__0sprintf) for __2sprintf
    y_global.o(.text) refers to memseta.o(.text) for __aeabi_memclr4
    y_global.o(.text) refers to __0sscanf.o(.text) for __0sscanf
    y_global.o(.text) refers to f2d.o(.text) for __aeabi_f2d
    y_global.o(.text) refers to ddiv.o(.text) for __aeabi_ddiv
    y_global.o(.text) refers to d2f.o(.text) for __aeabi_d2f
    y_global.o(.text) refers to y_beep.o(.text) for beep_on_times
    y_global.o(.text) refers to robot.o(.bss) for Vel
    y_global.o(.text) refers to y_oled.o(.text) for OLED_CLS
    y_global.o(.text) refers to strcpy.o(.text) for strcpy
    y_global.o(.text) refers to sys.o(.text) for millis
    y_global.o(.text) refers to dfltui.o(.text) for __aeabi_ui2d
    app_sensor.o(.text) refers to gpio_int.o(.text) for TRACK_IR4_Init
    app_sensor.o(.text) refers to sys.o(.text) for millis
    app_sensor.o(.text) refers to y_global.o(.text) for zx_uart_send_str
    app_sensor.o(.text) refers to stm32f4xx_gpio.o(.text) for GPIO_ReadInputDataBit
    app_sensor.o(.text) refers to y_beep.o(.text) for beep_on_times
    app_sensor.o(.text) refers to app_sensor.o(.data) for .data
    app_sensor.o(.text) refers to robot.o(.bss) for Vel
    app_sensor.o(.text) refers to y_global.o(.data) for forbid_turn
    app_ps2.o(.text) refers to memseta.o(.text) for __aeabi_memclr
    app_ps2.o(.text) refers to y_w25q64.o(.text) for SpiFlashRead
    app_ps2.o(.text) refers to strcpy.o(.text) for strcpy
    app_ps2.o(.text) refers to y_global.o(.text) for str_contain_str
    app_ps2.o(.text) refers to strlen.o(.text) for strlen
    app_ps2.o(.text) refers to memcpya.o(.text) for __aeabi_memcpy
    app_ps2.o(.text) refers to y_global.o(.data) for group_do_ok
    app_ps2.o(.text) refers to usbh_hid_gamepad.o(.data) for ps2_do_ok
    app_ps2.o(.text) refers to app_ps2.o(.data) for .data
    app_ps2.o(.text) refers to usbh_hid_gamepad.o(.bss) for ps2_buf
    app_ps2.o(.text) refers to y_global.o(.bss) for eeprom_info
    app_ps2.o(.text) refers to robot.o(.bss) for Vel
    app_ps2.o(.data) refers to app_ps2.o(.conststring) for .conststring
    motor_control.o(.text) refers to misc.o(.text) for NVIC_PriorityGroupConfig
    motor_control.o(.text) refers to uart1.o(.text) for UART1_Init
    motor_control.o(.text) refers to gpio_int.o(.text) for MOTOR_AB_Init
    motor_control.o(.text) refers to sys.o(.text) for Delay_ms
    motor_control.o(.text) refers to f2d.o(.text) for __aeabi_f2d
    motor_control.o(.text) refers to printfa.o(i.__0printf) for __2printf
    motor_control.o(.text) refers to d2f.o(.text) for __aeabi_d2f
    motor_control.o(.text) refers to y_motor.o(.text) for SPEED_PidCtlA
    acos.o(i.__hardfp_acos) refers (Special) to iusefp.o(.text) for __I$use$fp
    acos.o(i.__hardfp_acos) refers to dunder.o(i.__mathlib_dbl_infnan) for __mathlib_dbl_infnan
    acos.o(i.__hardfp_acos) refers to errno.o(i.__set_errno) for __set_errno
    acos.o(i.__hardfp_acos) refers to dunder.o(i.__mathlib_dbl_invalid) for __mathlib_dbl_invalid
    acos.o(i.__hardfp_acos) refers to dmul.o(.text) for __aeabi_dmul
    acos.o(i.__hardfp_acos) refers to poly.o(i.__kernel_poly) for __kernel_poly
    acos.o(i.__hardfp_acos) refers to dadd.o(.text) for __aeabi_dadd
    acos.o(i.__hardfp_acos) refers to ddiv.o(.text) for __aeabi_ddiv
    acos.o(i.__hardfp_acos) refers to sqrt.o(i.sqrt) for sqrt
    acos.o(i.__hardfp_acos) refers to acos.o(.constdata) for .constdata
    acos.o(i.__softfp_acos) refers (Special) to iusefp.o(.text) for __I$use$fp
    acos.o(i.__softfp_acos) refers to acos.o(i.__hardfp_acos) for __hardfp_acos
    acos.o(i.acos) refers (Special) to iusefp.o(.text) for __I$use$fp
    acos.o(i.acos) refers to acos.o(i.__hardfp_acos) for __hardfp_acos
    acos.o(.constdata) refers (Special) to iusefp.o(.text) for __I$use$fp
    acos_x.o(i.____hardfp_acos$lsc) refers (Special) to iusefp.o(.text) for __I$use$fp
    acos_x.o(i.____hardfp_acos$lsc) refers to dunder.o(i.__mathlib_dbl_infnan) for __mathlib_dbl_infnan
    acos_x.o(i.____hardfp_acos$lsc) refers to errno.o(i.__set_errno) for __set_errno
    acos_x.o(i.____hardfp_acos$lsc) refers to dmul.o(.text) for __aeabi_dmul
    acos_x.o(i.____hardfp_acos$lsc) refers to poly.o(i.__kernel_poly) for __kernel_poly
    acos_x.o(i.____hardfp_acos$lsc) refers to dadd.o(.text) for __aeabi_dadd
    acos_x.o(i.____hardfp_acos$lsc) refers to ddiv.o(.text) for __aeabi_ddiv
    acos_x.o(i.____hardfp_acos$lsc) refers to sqrt.o(i.sqrt) for sqrt
    acos_x.o(i.____hardfp_acos$lsc) refers to acos_x.o(.constdata) for .constdata
    acos_x.o(i.____softfp_acos$lsc) refers (Special) to iusefp.o(.text) for __I$use$fp
    acos_x.o(i.____softfp_acos$lsc) refers to acos_x.o(i.____hardfp_acos$lsc) for ____hardfp_acos$lsc
    acos_x.o(i.__acos$lsc) refers (Special) to iusefp.o(.text) for __I$use$fp
    acos_x.o(i.__acos$lsc) refers to acos_x.o(i.____hardfp_acos$lsc) for ____hardfp_acos$lsc
    acos_x.o(.constdata) refers (Special) to iusefp.o(.text) for __I$use$fp
    atan.o(i.__hardfp_atan) refers (Special) to iusefp.o(.text) for __I$use$fp
    atan.o(i.__hardfp_atan) refers to dunder.o(i.__mathlib_dbl_infnan) for __mathlib_dbl_infnan
    atan.o(i.__hardfp_atan) refers to fpclassify.o(i.__ARM_fpclassify) for __ARM_fpclassify
    atan.o(i.__hardfp_atan) refers to dunder.o(i.__mathlib_dbl_underflow) for __mathlib_dbl_underflow
    atan.o(i.__hardfp_atan) refers to fabs.o(i.fabs) for fabs
    atan.o(i.__hardfp_atan) refers to dadd.o(.text) for __aeabi_dadd
    atan.o(i.__hardfp_atan) refers to dmul.o(.text) for __aeabi_dmul
    atan.o(i.__hardfp_atan) refers to ddiv.o(.text) for __aeabi_ddiv
    atan.o(i.__hardfp_atan) refers to poly.o(i.__kernel_poly) for __kernel_poly
    atan.o(i.__hardfp_atan) refers to atan.o(.constdata) for .constdata
    atan.o(i.__softfp_atan) refers (Special) to iusefp.o(.text) for __I$use$fp
    atan.o(i.__softfp_atan) refers to atan.o(i.__hardfp_atan) for __hardfp_atan
    atan.o(i.atan) refers (Special) to iusefp.o(.text) for __I$use$fp
    atan.o(i.atan) refers to atan.o(i.__hardfp_atan) for __hardfp_atan
    atan.o(.constdata) refers (Special) to iusefp.o(.text) for __I$use$fp
    atan_x.o(i.____hardfp_atan$lsc) refers (Special) to iusefp.o(.text) for __I$use$fp
    atan_x.o(i.____hardfp_atan$lsc) refers to dunder.o(i.__mathlib_dbl_infnan) for __mathlib_dbl_infnan
    atan_x.o(i.____hardfp_atan$lsc) refers to fabs.o(i.fabs) for fabs
    atan_x.o(i.____hardfp_atan$lsc) refers to dadd.o(.text) for __aeabi_dadd
    atan_x.o(i.____hardfp_atan$lsc) refers to dmul.o(.text) for __aeabi_dmul
    atan_x.o(i.____hardfp_atan$lsc) refers to ddiv.o(.text) for __aeabi_ddiv
    atan_x.o(i.____hardfp_atan$lsc) refers to poly.o(i.__kernel_poly) for __kernel_poly
    atan_x.o(i.____hardfp_atan$lsc) refers to atan_x.o(.constdata) for .constdata
    atan_x.o(i.____softfp_atan$lsc) refers (Special) to iusefp.o(.text) for __I$use$fp
    atan_x.o(i.____softfp_atan$lsc) refers to atan_x.o(i.____hardfp_atan$lsc) for ____hardfp_atan$lsc
    atan_x.o(i.__atan$lsc) refers (Special) to iusefp.o(.text) for __I$use$fp
    atan_x.o(i.__atan$lsc) refers to atan_x.o(i.____hardfp_atan$lsc) for ____hardfp_atan$lsc
    atan_x.o(.constdata) refers (Special) to iusefp.o(.text) for __I$use$fp
    cos.o(i.__hardfp_cos) refers (Special) to iusefp.o(.text) for __I$use$fp
    cos.o(i.__hardfp_cos) refers to errno.o(i.__set_errno) for __set_errno
    cos.o(i.__hardfp_cos) refers to dunder.o(i.__mathlib_dbl_invalid) for __mathlib_dbl_invalid
    cos.o(i.__hardfp_cos) refers to dunder.o(i.__mathlib_dbl_infnan) for __mathlib_dbl_infnan
    cos.o(i.__hardfp_cos) refers to rred.o(i.__ieee754_rem_pio2) for __ieee754_rem_pio2
    cos.o(i.__hardfp_cos) refers to sin_i.o(i.__kernel_sin) for __kernel_sin
    cos.o(i.__hardfp_cos) refers to cos_i.o(i.__kernel_cos) for __kernel_cos
    cos.o(i.__softfp_cos) refers (Special) to iusefp.o(.text) for __I$use$fp
    cos.o(i.__softfp_cos) refers to cos.o(i.__hardfp_cos) for __hardfp_cos
    cos.o(i.cos) refers (Special) to iusefp.o(.text) for __I$use$fp
    cos.o(i.cos) refers to cos.o(i.__hardfp_cos) for __hardfp_cos
    cos_x.o(i.____hardfp_cos$lsc) refers (Special) to iusefp.o(.text) for __I$use$fp
    cos_x.o(i.____hardfp_cos$lsc) refers to errno.o(i.__set_errno) for __set_errno
    cos_x.o(i.____hardfp_cos$lsc) refers to dunder.o(i.__mathlib_dbl_infnan) for __mathlib_dbl_infnan
    cos_x.o(i.____hardfp_cos$lsc) refers to rred.o(i.__ieee754_rem_pio2) for __ieee754_rem_pio2
    cos_x.o(i.____hardfp_cos$lsc) refers to sin_i.o(i.__kernel_sin) for __kernel_sin
    cos_x.o(i.____hardfp_cos$lsc) refers to cos_i.o(i.__kernel_cos) for __kernel_cos
    cos_x.o(i.____softfp_cos$lsc) refers (Special) to iusefp.o(.text) for __I$use$fp
    cos_x.o(i.____softfp_cos$lsc) refers to cos_x.o(i.____hardfp_cos$lsc) for ____hardfp_cos$lsc
    cos_x.o(i.__cos$lsc) refers (Special) to iusefp.o(.text) for __I$use$fp
    cos_x.o(i.__cos$lsc) refers to cos_x.o(i.____hardfp_cos$lsc) for ____hardfp_cos$lsc
    sin.o(i.__hardfp_sin) refers (Special) to iusefp.o(.text) for __I$use$fp
    sin.o(i.__hardfp_sin) refers to errno.o(i.__set_errno) for __set_errno
    sin.o(i.__hardfp_sin) refers to dunder.o(i.__mathlib_dbl_invalid) for __mathlib_dbl_invalid
    sin.o(i.__hardfp_sin) refers to dunder.o(i.__mathlib_dbl_infnan) for __mathlib_dbl_infnan
    sin.o(i.__hardfp_sin) refers to rred.o(i.__ieee754_rem_pio2) for __ieee754_rem_pio2
    sin.o(i.__hardfp_sin) refers to cos_i.o(i.__kernel_cos) for __kernel_cos
    sin.o(i.__hardfp_sin) refers to sin_i.o(i.__kernel_sin) for __kernel_sin
    sin.o(i.__softfp_sin) refers (Special) to iusefp.o(.text) for __I$use$fp
    sin.o(i.__softfp_sin) refers to sin.o(i.__hardfp_sin) for __hardfp_sin
    sin.o(i.sin) refers (Special) to iusefp.o(.text) for __I$use$fp
    sin.o(i.sin) refers to sin.o(i.__hardfp_sin) for __hardfp_sin
    sin_x.o(i.____hardfp_sin$lsc) refers (Special) to iusefp.o(.text) for __I$use$fp
    sin_x.o(i.____hardfp_sin$lsc) refers to errno.o(i.__set_errno) for __set_errno
    sin_x.o(i.____hardfp_sin$lsc) refers to dunder.o(i.__mathlib_dbl_infnan) for __mathlib_dbl_infnan
    sin_x.o(i.____hardfp_sin$lsc) refers to rred.o(i.__ieee754_rem_pio2) for __ieee754_rem_pio2
    sin_x.o(i.____hardfp_sin$lsc) refers to cos_i.o(i.__kernel_cos) for __kernel_cos
    sin_x.o(i.____hardfp_sin$lsc) refers to sin_i.o(i.__kernel_sin) for __kernel_sin
    sin_x.o(i.____softfp_sin$lsc) refers (Special) to iusefp.o(.text) for __I$use$fp
    sin_x.o(i.____softfp_sin$lsc) refers to sin_x.o(i.____hardfp_sin$lsc) for ____hardfp_sin$lsc
    sin_x.o(i.__sin$lsc) refers (Special) to iusefp.o(.text) for __I$use$fp
    sin_x.o(i.__sin$lsc) refers to sin_x.o(i.____hardfp_sin$lsc) for ____hardfp_sin$lsc
    sqrt.o(i.__hardfp_sqrt) refers (Special) to iusefp.o(.text) for __I$use$fp
    sqrt.o(i.__hardfp_sqrt) refers to dsqrt.o(.text) for _dsqrt
    sqrt.o(i.__hardfp_sqrt) refers to errno.o(i.__set_errno) for __set_errno
    sqrt.o(i.__softfp_sqrt) refers (Special) to iusefp.o(.text) for __I$use$fp
    sqrt.o(i.__softfp_sqrt) refers to dsqrt.o(.text) for _dsqrt
    sqrt.o(i.__softfp_sqrt) refers to errno.o(i.__set_errno) for __set_errno
    sqrt.o(i.sqrt) refers (Special) to iusefp.o(.text) for __I$use$fp
    sqrt.o(i.sqrt) refers to dsqrt.o(.text) for _dsqrt
    sqrt.o(i.sqrt) refers to errno.o(i.__set_errno) for __set_errno
    sqrt_x.o(i.____hardfp_sqrt$lsc) refers (Special) to iusefp.o(.text) for __I$use$fp
    sqrt_x.o(i.____hardfp_sqrt$lsc) refers to cdcmple.o(.text) for __aeabi_cdcmple
    sqrt_x.o(i.____hardfp_sqrt$lsc) refers to errno.o(i.__set_errno) for __set_errno
    sqrt_x.o(i.____hardfp_sqrt$lsc) refers to dsqrt.o(.text) for _dsqrt
    sqrt_x.o(i.____softfp_sqrt$lsc) refers (Special) to iusefp.o(.text) for __I$use$fp
    sqrt_x.o(i.____softfp_sqrt$lsc) refers to cdcmple.o(.text) for __aeabi_cdcmple
    sqrt_x.o(i.____softfp_sqrt$lsc) refers to errno.o(i.__set_errno) for __set_errno
    sqrt_x.o(i.____softfp_sqrt$lsc) refers to dsqrt.o(.text) for _dsqrt
    sqrt_x.o(i.__sqrt$lsc) refers (Special) to iusefp.o(.text) for __I$use$fp
    sqrt_x.o(i.__sqrt$lsc) refers to cdcmple.o(.text) for __aeabi_cdcmple
    sqrt_x.o(i.__sqrt$lsc) refers to errno.o(i.__set_errno) for __set_errno
    sqrt_x.o(i.__sqrt$lsc) refers to dsqrt.o(.text) for _dsqrt
    entry.o(.ARM.Collect$$$$00000000) refers (Special) to entry10a.o(.ARM.Collect$$$$0000000F) for __rt_final_cpp
    entry.o(.ARM.Collect$$$$00000000) refers (Special) to entry11a.o(.ARM.Collect$$$$00000011) for __rt_final_exit
    entry.o(.ARM.Collect$$$$00000000) refers (Special) to entry12b.o(.ARM.Collect$$$$0000000E) for __rt_lib_shutdown_fini
    entry.o(.ARM.Collect$$$$00000000) refers (Special) to entry7b.o(.ARM.Collect$$$$00000008) for _main_clock
    entry.o(.ARM.Collect$$$$00000000) refers (Special) to entry8b.o(.ARM.Collect$$$$0000000A) for _main_cpp_init
    entry.o(.ARM.Collect$$$$00000000) refers (Special) to entry9a.o(.ARM.Collect$$$$0000000B) for _main_init
    entry.o(.ARM.Collect$$$$00000000) refers (Special) to entry5.o(.ARM.Collect$$$$00000004) for _main_scatterload
    entry.o(.ARM.Collect$$$$00000000) refers (Special) to entry2.o(.ARM.Collect$$$$00000001) for _main_stk
    printfb.o(i.__0fprintf$bare) refers to printfb.o(i._printf_core) for _printf_core
    printfb.o(i.__0fprintf$bare) refers to uart1.o(.text) for fputc
    printfb.o(i.__0printf$bare) refers to printfb.o(i._printf_core) for _printf_core
    printfb.o(i.__0printf$bare) refers to uart1.o(.text) for fputc
    printfb.o(i.__0printf$bare) refers to stdout.o(.data) for __stdout
    printfb.o(i.__0snprintf$bare) refers to printfb.o(i._printf_core) for _printf_core
    printfb.o(i.__0snprintf$bare) refers to printfb.o(i._snputc) for _snputc
    printfb.o(i.__0sprintf$bare) refers to printfb.o(i._printf_core) for _printf_core
    printfb.o(i.__0sprintf$bare) refers to printfb.o(i._sputc) for _sputc
    printfb.o(i.__0vfprintf$bare) refers to printfb.o(i._printf_core) for _printf_core
    printfb.o(i.__0vfprintf$bare) refers to uart1.o(.text) for fputc
    printfb.o(i.__0vprintf$bare) refers to printfb.o(i._printf_core) for _printf_core
    printfb.o(i.__0vprintf$bare) refers to uart1.o(.text) for fputc
    printfb.o(i.__0vprintf$bare) refers to stdout.o(.data) for __stdout
    printfb.o(i.__0vsnprintf$bare) refers to printfb.o(i._printf_core) for _printf_core
    printfb.o(i.__0vsnprintf$bare) refers to printfb.o(i._snputc) for _snputc
    printfb.o(i.__0vsprintf$bare) refers to printfb.o(i._printf_core) for _printf_core
    printfb.o(i.__0vsprintf$bare) refers to printfb.o(i._sputc) for _sputc
    printf0.o(i.__0fprintf$0) refers to printf0.o(i._printf_core) for _printf_core
    printf0.o(i.__0fprintf$0) refers to uart1.o(.text) for fputc
    printf0.o(i.__0printf$0) refers to printf0.o(i._printf_core) for _printf_core
    printf0.o(i.__0printf$0) refers to uart1.o(.text) for fputc
    printf0.o(i.__0printf$0) refers to stdout.o(.data) for __stdout
    printf0.o(i.__0snprintf$0) refers to printf0.o(i._printf_core) for _printf_core
    printf0.o(i.__0snprintf$0) refers to printf0.o(i._snputc) for _snputc
    printf0.o(i.__0sprintf$0) refers to printf0.o(i._printf_core) for _printf_core
    printf0.o(i.__0sprintf$0) refers to printf0.o(i._sputc) for _sputc
    printf0.o(i.__0vfprintf$0) refers to printf0.o(i._printf_core) for _printf_core
    printf0.o(i.__0vfprintf$0) refers to uart1.o(.text) for fputc
    printf0.o(i.__0vprintf$0) refers to printf0.o(i._printf_core) for _printf_core
    printf0.o(i.__0vprintf$0) refers to uart1.o(.text) for fputc
    printf0.o(i.__0vprintf$0) refers to stdout.o(.data) for __stdout
    printf0.o(i.__0vsnprintf$0) refers to printf0.o(i._printf_core) for _printf_core
    printf0.o(i.__0vsnprintf$0) refers to printf0.o(i._snputc) for _snputc
    printf0.o(i.__0vsprintf$0) refers to printf0.o(i._printf_core) for _printf_core
    printf0.o(i.__0vsprintf$0) refers to printf0.o(i._sputc) for _sputc
    printf1.o(i.__0fprintf$1) refers to printf1.o(i._printf_core) for _printf_core
    printf1.o(i.__0fprintf$1) refers to uart1.o(.text) for fputc
    printf1.o(i.__0printf$1) refers to printf1.o(i._printf_core) for _printf_core
    printf1.o(i.__0printf$1) refers to uart1.o(.text) for fputc
    printf1.o(i.__0printf$1) refers to stdout.o(.data) for __stdout
    printf1.o(i.__0snprintf$1) refers to printf1.o(i._printf_core) for _printf_core
    printf1.o(i.__0snprintf$1) refers to printf1.o(i._snputc) for _snputc
    printf1.o(i.__0sprintf$1) refers to printf1.o(i._printf_core) for _printf_core
    printf1.o(i.__0sprintf$1) refers to printf1.o(i._sputc) for _sputc
    printf1.o(i.__0vfprintf$1) refers to printf1.o(i._printf_core) for _printf_core
    printf1.o(i.__0vfprintf$1) refers to uart1.o(.text) for fputc
    printf1.o(i.__0vprintf$1) refers to printf1.o(i._printf_core) for _printf_core
    printf1.o(i.__0vprintf$1) refers to uart1.o(.text) for fputc
    printf1.o(i.__0vprintf$1) refers to stdout.o(.data) for __stdout
    printf1.o(i.__0vsnprintf$1) refers to printf1.o(i._printf_core) for _printf_core
    printf1.o(i.__0vsnprintf$1) refers to printf1.o(i._snputc) for _snputc
    printf1.o(i.__0vsprintf$1) refers to printf1.o(i._printf_core) for _printf_core
    printf1.o(i.__0vsprintf$1) refers to printf1.o(i._sputc) for _sputc
    printf1.o(i._printf_core) refers to uidiv.o(.text) for __aeabi_uidivmod
    printf2.o(i.__0fprintf$2) refers to printf2.o(i._printf_core) for _printf_core
    printf2.o(i.__0fprintf$2) refers to uart1.o(.text) for fputc
    printf2.o(i.__0printf$2) refers to printf2.o(i._printf_core) for _printf_core
    printf2.o(i.__0printf$2) refers to uart1.o(.text) for fputc
    printf2.o(i.__0printf$2) refers to stdout.o(.data) for __stdout
    printf2.o(i.__0snprintf$2) refers to printf2.o(i._printf_core) for _printf_core
    printf2.o(i.__0snprintf$2) refers to printf2.o(i._snputc) for _snputc
    printf2.o(i.__0sprintf$2) refers to printf2.o(i._printf_core) for _printf_core
    printf2.o(i.__0sprintf$2) refers to printf2.o(i._sputc) for _sputc
    printf2.o(i.__0vfprintf$2) refers to printf2.o(i._printf_core) for _printf_core
    printf2.o(i.__0vfprintf$2) refers to uart1.o(.text) for fputc
    printf2.o(i.__0vprintf$2) refers to printf2.o(i._printf_core) for _printf_core
    printf2.o(i.__0vprintf$2) refers to uart1.o(.text) for fputc
    printf2.o(i.__0vprintf$2) refers to stdout.o(.data) for __stdout
    printf2.o(i.__0vsnprintf$2) refers to printf2.o(i._printf_core) for _printf_core
    printf2.o(i.__0vsnprintf$2) refers to printf2.o(i._snputc) for _snputc
    printf2.o(i.__0vsprintf$2) refers to printf2.o(i._printf_core) for _printf_core
    printf2.o(i.__0vsprintf$2) refers to printf2.o(i._sputc) for _sputc
    printf3.o(i.__0fprintf$3) refers to printf3.o(i._printf_core) for _printf_core
    printf3.o(i.__0fprintf$3) refers to uart1.o(.text) for fputc
    printf3.o(i.__0printf$3) refers to printf3.o(i._printf_core) for _printf_core
    printf3.o(i.__0printf$3) refers to uart1.o(.text) for fputc
    printf3.o(i.__0printf$3) refers to stdout.o(.data) for __stdout
    printf3.o(i.__0snprintf$3) refers to printf3.o(i._printf_core) for _printf_core
    printf3.o(i.__0snprintf$3) refers to printf3.o(i._snputc) for _snputc
    printf3.o(i.__0sprintf$3) refers to printf3.o(i._printf_core) for _printf_core
    printf3.o(i.__0sprintf$3) refers to printf3.o(i._sputc) for _sputc
    printf3.o(i.__0vfprintf$3) refers to printf3.o(i._printf_core) for _printf_core
    printf3.o(i.__0vfprintf$3) refers to uart1.o(.text) for fputc
    printf3.o(i.__0vprintf$3) refers to printf3.o(i._printf_core) for _printf_core
    printf3.o(i.__0vprintf$3) refers to uart1.o(.text) for fputc
    printf3.o(i.__0vprintf$3) refers to stdout.o(.data) for __stdout
    printf3.o(i.__0vsnprintf$3) refers to printf3.o(i._printf_core) for _printf_core
    printf3.o(i.__0vsnprintf$3) refers to printf3.o(i._snputc) for _snputc
    printf3.o(i.__0vsprintf$3) refers to printf3.o(i._printf_core) for _printf_core
    printf3.o(i.__0vsprintf$3) refers to printf3.o(i._sputc) for _sputc
    printf3.o(i._printf_core) refers to uidiv.o(.text) for __aeabi_uidivmod
    printf4.o(i.__0fprintf$4) refers to printf4.o(i._printf_core) for _printf_core
    printf4.o(i.__0fprintf$4) refers to uart1.o(.text) for fputc
    printf4.o(i.__0printf$4) refers to printf4.o(i._printf_core) for _printf_core
    printf4.o(i.__0printf$4) refers to uart1.o(.text) for fputc
    printf4.o(i.__0printf$4) refers to stdout.o(.data) for __stdout
    printf4.o(i.__0snprintf$4) refers to printf4.o(i._printf_core) for _printf_core
    printf4.o(i.__0snprintf$4) refers to printf4.o(i._snputc) for _snputc
    printf4.o(i.__0sprintf$4) refers to printf4.o(i._printf_core) for _printf_core
    printf4.o(i.__0sprintf$4) refers to printf4.o(i._sputc) for _sputc
    printf4.o(i.__0vfprintf$4) refers to printf4.o(i._printf_core) for _printf_core
    printf4.o(i.__0vfprintf$4) refers to uart1.o(.text) for fputc
    printf4.o(i.__0vprintf$4) refers to printf4.o(i._printf_core) for _printf_core
    printf4.o(i.__0vprintf$4) refers to uart1.o(.text) for fputc
    printf4.o(i.__0vprintf$4) refers to stdout.o(.data) for __stdout
    printf4.o(i.__0vsnprintf$4) refers to printf4.o(i._printf_core) for _printf_core
    printf4.o(i.__0vsnprintf$4) refers to printf4.o(i._snputc) for _snputc
    printf4.o(i.__0vsprintf$4) refers to printf4.o(i._printf_core) for _printf_core
    printf4.o(i.__0vsprintf$4) refers to printf4.o(i._sputc) for _sputc
    printf4.o(i._printf_core) refers to uldiv.o(.text) for __aeabi_uldivmod
    printf5.o(i.__0fprintf$5) refers to printf5.o(i._printf_core) for _printf_core
    printf5.o(i.__0fprintf$5) refers to uart1.o(.text) for fputc
    printf5.o(i.__0printf$5) refers to printf5.o(i._printf_core) for _printf_core
    printf5.o(i.__0printf$5) refers to uart1.o(.text) for fputc
    printf5.o(i.__0printf$5) refers to stdout.o(.data) for __stdout
    printf5.o(i.__0snprintf$5) refers to printf5.o(i._printf_core) for _printf_core
    printf5.o(i.__0snprintf$5) refers to printf5.o(i._snputc) for _snputc
    printf5.o(i.__0sprintf$5) refers to printf5.o(i._printf_core) for _printf_core
    printf5.o(i.__0sprintf$5) refers to printf5.o(i._sputc) for _sputc
    printf5.o(i.__0vfprintf$5) refers to printf5.o(i._printf_core) for _printf_core
    printf5.o(i.__0vfprintf$5) refers to uart1.o(.text) for fputc
    printf5.o(i.__0vprintf$5) refers to printf5.o(i._printf_core) for _printf_core
    printf5.o(i.__0vprintf$5) refers to uart1.o(.text) for fputc
    printf5.o(i.__0vprintf$5) refers to stdout.o(.data) for __stdout
    printf5.o(i.__0vsnprintf$5) refers to printf5.o(i._printf_core) for _printf_core
    printf5.o(i.__0vsnprintf$5) refers to printf5.o(i._snputc) for _snputc
    printf5.o(i.__0vsprintf$5) refers to printf5.o(i._printf_core) for _printf_core
    printf5.o(i.__0vsprintf$5) refers to printf5.o(i._sputc) for _sputc
    printf5.o(i._printf_core) refers to uldiv.o(.text) for __aeabi_uldivmod
    printf6.o(i.__0fprintf$6) refers to printf6.o(i._printf_core) for _printf_core
    printf6.o(i.__0fprintf$6) refers to uart1.o(.text) for fputc
    printf6.o(i.__0printf$6) refers to printf6.o(i._printf_core) for _printf_core
    printf6.o(i.__0printf$6) refers to uart1.o(.text) for fputc
    printf6.o(i.__0printf$6) refers to stdout.o(.data) for __stdout
    printf6.o(i.__0snprintf$6) refers to printf6.o(i._printf_core) for _printf_core
    printf6.o(i.__0snprintf$6) refers to printf6.o(i._snputc) for _snputc
    printf6.o(i.__0sprintf$6) refers to printf6.o(i._printf_core) for _printf_core
    printf6.o(i.__0sprintf$6) refers to printf6.o(i._sputc) for _sputc
    printf6.o(i.__0vfprintf$6) refers to printf6.o(i._printf_core) for _printf_core
    printf6.o(i.__0vfprintf$6) refers to uart1.o(.text) for fputc
    printf6.o(i.__0vprintf$6) refers to printf6.o(i._printf_core) for _printf_core
    printf6.o(i.__0vprintf$6) refers to uart1.o(.text) for fputc
    printf6.o(i.__0vprintf$6) refers to stdout.o(.data) for __stdout
    printf6.o(i.__0vsnprintf$6) refers to printf6.o(i._printf_core) for _printf_core
    printf6.o(i.__0vsnprintf$6) refers to printf6.o(i._snputc) for _snputc
    printf6.o(i.__0vsprintf$6) refers to printf6.o(i._printf_core) for _printf_core
    printf6.o(i.__0vsprintf$6) refers to printf6.o(i._sputc) for _sputc
    printf6.o(i._printf_core) refers to printf6.o(i._printf_pre_padding) for _printf_pre_padding
    printf6.o(i._printf_core) refers to uidiv.o(.text) for __aeabi_uidivmod
    printf6.o(i._printf_core) refers to printf6.o(i._printf_post_padding) for _printf_post_padding
    printf7.o(i.__0fprintf$7) refers to printf7.o(i._printf_core) for _printf_core
    printf7.o(i.__0fprintf$7) refers to uart1.o(.text) for fputc
    printf7.o(i.__0printf$7) refers to printf7.o(i._printf_core) for _printf_core
    printf7.o(i.__0printf$7) refers to uart1.o(.text) for fputc
    printf7.o(i.__0printf$7) refers to stdout.o(.data) for __stdout
    printf7.o(i.__0snprintf$7) refers to printf7.o(i._printf_core) for _printf_core
    printf7.o(i.__0snprintf$7) refers to printf7.o(i._snputc) for _snputc
    printf7.o(i.__0sprintf$7) refers to printf7.o(i._printf_core) for _printf_core
    printf7.o(i.__0sprintf$7) refers to printf7.o(i._sputc) for _sputc
    printf7.o(i.__0vfprintf$7) refers to printf7.o(i._printf_core) for _printf_core
    printf7.o(i.__0vfprintf$7) refers to uart1.o(.text) for fputc
    printf7.o(i.__0vprintf$7) refers to printf7.o(i._printf_core) for _printf_core
    printf7.o(i.__0vprintf$7) refers to uart1.o(.text) for fputc
    printf7.o(i.__0vprintf$7) refers to stdout.o(.data) for __stdout
    printf7.o(i.__0vsnprintf$7) refers to printf7.o(i._printf_core) for _printf_core
    printf7.o(i.__0vsnprintf$7) refers to printf7.o(i._snputc) for _snputc
    printf7.o(i.__0vsprintf$7) refers to printf7.o(i._printf_core) for _printf_core
    printf7.o(i.__0vsprintf$7) refers to printf7.o(i._sputc) for _sputc
    printf7.o(i._printf_core) refers to printf7.o(i._printf_pre_padding) for _printf_pre_padding
    printf7.o(i._printf_core) refers to uldiv.o(.text) for __aeabi_uldivmod
    printf7.o(i._printf_core) refers to printf7.o(i._printf_post_padding) for _printf_post_padding
    printf8.o(i.__0fprintf$8) refers to printf8.o(i._printf_core) for _printf_core
    printf8.o(i.__0fprintf$8) refers to uart1.o(.text) for fputc
    printf8.o(i.__0printf$8) refers to printf8.o(i._printf_core) for _printf_core
    printf8.o(i.__0printf$8) refers to uart1.o(.text) for fputc
    printf8.o(i.__0printf$8) refers to stdout.o(.data) for __stdout
    printf8.o(i.__0snprintf$8) refers to printf8.o(i._printf_core) for _printf_core
    printf8.o(i.__0snprintf$8) refers to printf8.o(i._snputc) for _snputc
    printf8.o(i.__0sprintf$8) refers to printf8.o(i._printf_core) for _printf_core
    printf8.o(i.__0sprintf$8) refers to printf8.o(i._sputc) for _sputc
    printf8.o(i.__0vfprintf$8) refers to printf8.o(i._printf_core) for _printf_core
    printf8.o(i.__0vfprintf$8) refers to uart1.o(.text) for fputc
    printf8.o(i.__0vprintf$8) refers to printf8.o(i._printf_core) for _printf_core
    printf8.o(i.__0vprintf$8) refers to uart1.o(.text) for fputc
    printf8.o(i.__0vprintf$8) refers to stdout.o(.data) for __stdout
    printf8.o(i.__0vsnprintf$8) refers to printf8.o(i._printf_core) for _printf_core
    printf8.o(i.__0vsnprintf$8) refers to printf8.o(i._snputc) for _snputc
    printf8.o(i.__0vsprintf$8) refers to printf8.o(i._printf_core) for _printf_core
    printf8.o(i.__0vsprintf$8) refers to printf8.o(i._sputc) for _sputc
    printf8.o(i._printf_core) refers to printf8.o(i._printf_pre_padding) for _printf_pre_padding
    printf8.o(i._printf_core) refers to uldiv.o(.text) for __aeabi_uldivmod
    printf8.o(i._printf_core) refers to printf8.o(i._printf_post_padding) for _printf_post_padding
    printfa.o(i.__0fprintf) refers (Special) to iusefp.o(.text) for __I$use$fp
    printfa.o(i.__0fprintf) refers to printfa.o(i._printf_core) for _printf_core
    printfa.o(i.__0fprintf) refers to uart1.o(.text) for fputc
    printfa.o(i.__0printf) refers (Special) to iusefp.o(.text) for __I$use$fp
    printfa.o(i.__0printf) refers to printfa.o(i._printf_core) for _printf_core
    printfa.o(i.__0printf) refers to uart1.o(.text) for fputc
    printfa.o(i.__0printf) refers to stdout.o(.data) for __stdout
    printfa.o(i.__0snprintf) refers (Special) to iusefp.o(.text) for __I$use$fp
    printfa.o(i.__0snprintf) refers to printfa.o(i._printf_core) for _printf_core
    printfa.o(i.__0snprintf) refers to printfa.o(i._snputc) for _snputc
    printfa.o(i.__0sprintf) refers (Special) to iusefp.o(.text) for __I$use$fp
    printfa.o(i.__0sprintf) refers to printfa.o(i._printf_core) for _printf_core
    printfa.o(i.__0sprintf) refers to printfa.o(i._sputc) for _sputc
    printfa.o(i.__0vfprintf) refers (Special) to iusefp.o(.text) for __I$use$fp
    printfa.o(i.__0vfprintf) refers to printfa.o(i._printf_core) for _printf_core
    printfa.o(i.__0vfprintf) refers to uart1.o(.text) for fputc
    printfa.o(i.__0vprintf) refers (Special) to iusefp.o(.text) for __I$use$fp
    printfa.o(i.__0vprintf) refers to printfa.o(i._printf_core) for _printf_core
    printfa.o(i.__0vprintf) refers to uart1.o(.text) for fputc
    printfa.o(i.__0vprintf) refers to stdout.o(.data) for __stdout
    printfa.o(i.__0vsnprintf) refers (Special) to iusefp.o(.text) for __I$use$fp
    printfa.o(i.__0vsnprintf) refers to printfa.o(i._printf_core) for _printf_core
    printfa.o(i.__0vsnprintf) refers to printfa.o(i._snputc) for _snputc
    printfa.o(i.__0vsprintf) refers (Special) to iusefp.o(.text) for __I$use$fp
    printfa.o(i.__0vsprintf) refers to printfa.o(i._printf_core) for _printf_core
    printfa.o(i.__0vsprintf) refers to printfa.o(i._sputc) for _sputc
    printfa.o(i._fp_digits) refers (Special) to iusefp.o(.text) for __I$use$fp
    printfa.o(i._fp_digits) refers to dmul.o(.text) for __aeabi_dmul
    printfa.o(i._fp_digits) refers to ddiv.o(.text) for __aeabi_ddiv
    printfa.o(i._fp_digits) refers to cdrcmple.o(.text) for __aeabi_cdrcmple
    printfa.o(i._fp_digits) refers to dadd.o(.text) for __aeabi_dadd
    printfa.o(i._fp_digits) refers to dfixul.o(.text) for __aeabi_d2ulz
    printfa.o(i._fp_digits) refers to uldiv.o(.text) for __aeabi_uldivmod
    printfa.o(i._printf_core) refers (Special) to iusefp.o(.text) for __I$use$fp
    printfa.o(i._printf_core) refers to printfa.o(i._printf_pre_padding) for _printf_pre_padding
    printfa.o(i._printf_core) refers to uldiv.o(.text) for __aeabi_uldivmod
    printfa.o(i._printf_core) refers to printfa.o(i._printf_post_padding) for _printf_post_padding
    printfa.o(i._printf_core) refers to printfa.o(i._fp_digits) for _fp_digits
    printfa.o(i._printf_core) refers to uidiv.o(.text) for __aeabi_uidivmod
    printfa.o(i._printf_post_padding) refers (Special) to iusefp.o(.text) for __I$use$fp
    printfa.o(i._printf_pre_padding) refers (Special) to iusefp.o(.text) for __I$use$fp
    printfa.o(i._snputc) refers (Special) to iusefp.o(.text) for __I$use$fp
    printfa.o(i._sputc) refers (Special) to iusefp.o(.text) for __I$use$fp
    __0sscanf.o(.text) refers to scanf_char.o(.text) for __vfscanf_char
    __0sscanf.o(.text) refers to _sgetc.o(.text) for _sgetc
    _scanf_int.o(.text) refers to _chval.o(.text) for _chval
    scanf_fp.o(.text) refers (Special) to iusefp.o(.text) for __I$use$fp
    scanf_fp.o(.text) refers to dfltul.o(.text) for __aeabi_ul2d
    scanf_fp.o(.text) refers to dmul.o(.text) for __aeabi_dmul
    scanf_fp.o(.text) refers to ddiv.o(.text) for __aeabi_ddiv
    scanf_fp.o(.text) refers to scanf_fp.o(i._is_digit) for _is_digit
    scanf_fp.o(.text) refers to d2f.o(.text) for __aeabi_d2f
    dadd.o(.text) refers (Special) to iusefp.o(.text) for __I$use$fp
    dadd.o(.text) refers to llshl.o(.text) for __aeabi_llsl
    dadd.o(.text) refers to llsshr.o(.text) for __aeabi_lasr
    dadd.o(.text) refers to depilogue.o(.text) for _double_epilogue
    dmul.o(.text) refers (Special) to iusefp.o(.text) for __I$use$fp
    dmul.o(.text) refers to depilogue.o(.text) for _double_epilogue
    ddiv.o(.text) refers (Special) to iusefp.o(.text) for __I$use$fp
    ddiv.o(.text) refers to depilogue.o(.text) for _double_round
    dflti.o(.text) refers (Special) to iusefp.o(.text) for __I$use$fp
    dflti.o(.text) refers to depilogue.o(.text) for _double_epilogue
    dfltui.o(.text) refers (Special) to iusefp.o(.text) for __I$use$fp
    dfltui.o(.text) refers to depilogue.o(.text) for _double_epilogue
    dfixi.o(.text) refers (Special) to iusefp.o(.text) for __I$use$fp
    dfixi.o(.text) refers to llushr.o(.text) for __aeabi_llsr
    dfixui.o(.text) refers (Special) to iusefp.o(.text) for __I$use$fp
    dfixui.o(.text) refers to llushr.o(.text) for __aeabi_llsr
    f2d.o(.text) refers (Special) to iusefp.o(.text) for __I$use$fp
    cdrcmple.o(.text) refers (Special) to iusefp.o(.text) for __I$use$fp
    d2f.o(.text) refers (Special) to iusefp.o(.text) for __I$use$fp
    d2f.o(.text) refers to fepilogue.o(.text) for _float_round
    cos_i.o(i.__kernel_cos) refers (Special) to iusefp.o(.text) for __I$use$fp
    cos_i.o(i.__kernel_cos) refers to dfixi.o(.text) for __aeabi_d2iz
    cos_i.o(i.__kernel_cos) refers to dmul.o(.text) for __aeabi_dmul
    cos_i.o(i.__kernel_cos) refers to poly.o(i.__kernel_poly) for __kernel_poly
    cos_i.o(i.__kernel_cos) refers to dadd.o(.text) for __aeabi_dsub
    cos_i.o(i.__kernel_cos) refers to cos_i.o(.constdata) for .constdata
    cos_i.o(.constdata) refers (Special) to iusefp.o(.text) for __I$use$fp
    dunder.o(i.__mathlib_dbl_divzero) refers to ddiv.o(.text) for __aeabi_ddiv
    dunder.o(i.__mathlib_dbl_infnan) refers to dadd.o(.text) for __aeabi_dadd
    dunder.o(i.__mathlib_dbl_infnan2) refers to dadd.o(.text) for __aeabi_dadd
    dunder.o(i.__mathlib_dbl_invalid) refers to ddiv.o(.text) for __aeabi_ddiv
    dunder.o(i.__mathlib_dbl_overflow) refers to dmul.o(.text) for __aeabi_dmul
    dunder.o(i.__mathlib_dbl_posinfnan) refers to dmul.o(.text) for __aeabi_dmul
    dunder.o(i.__mathlib_dbl_underflow) refers to dmul.o(.text) for __aeabi_dmul
    fabs.o(i.__hardfp_fabs) refers (Special) to iusefp.o(.text) for __I$use$fp
    fabs.o(i.__softfp_fabs) refers (Special) to iusefp.o(.text) for __I$use$fp
    fabs.o(i.fabs) refers (Special) to iusefp.o(.text) for __I$use$fp
    fpclassify.o(i.__ARM_fpclassify) refers (Special) to iusefp.o(.text) for __I$use$fp
    poly.o(i.__kernel_poly) refers (Special) to iusefp.o(.text) for __I$use$fp
    poly.o(i.__kernel_poly) refers to dmul.o(.text) for __aeabi_dmul
    poly.o(i.__kernel_poly) refers to dadd.o(.text) for __aeabi_dadd
    rred.o(i.__ieee754_rem_pio2) refers (Special) to iusefp.o(.text) for __I$use$fp
    rred.o(i.__ieee754_rem_pio2) refers to dadd.o(.text) for __aeabi_dsub
    rred.o(i.__ieee754_rem_pio2) refers to fabs.o(i.fabs) for fabs
    rred.o(i.__ieee754_rem_pio2) refers to dmul.o(.text) for __aeabi_dmul
    rred.o(i.__ieee754_rem_pio2) refers to dfixi.o(.text) for __aeabi_d2iz
    rred.o(i.__ieee754_rem_pio2) refers to dflti.o(.text) for __aeabi_i2d
    rred.o(i.__ieee754_rem_pio2) refers to dfltui.o(.text) for __aeabi_ui2d
    rred.o(i.__ieee754_rem_pio2) refers to rred.o(.constdata) for .constdata
    rred.o(i.__use_accurate_range_reduction) refers (Special) to iusefp.o(.text) for __I$use$fp
    rred.o(.constdata) refers (Special) to iusefp.o(.text) for __I$use$fp
    sin_i.o(i.__kernel_sin) refers (Special) to iusefp.o(.text) for __I$use$fp
    sin_i.o(i.__kernel_sin) refers to fpclassify.o(i.__ARM_fpclassify) for __ARM_fpclassify
    sin_i.o(i.__kernel_sin) refers to dunder.o(i.__mathlib_dbl_underflow) for __mathlib_dbl_underflow
    sin_i.o(i.__kernel_sin) refers to dmul.o(.text) for __aeabi_dmul
    sin_i.o(i.__kernel_sin) refers to poly.o(i.__kernel_poly) for __kernel_poly
    sin_i.o(i.__kernel_sin) refers to dadd.o(.text) for __aeabi_dsub
    sin_i.o(i.__kernel_sin) refers to sin_i.o(.constdata) for .constdata
    sin_i.o(.constdata) refers (Special) to iusefp.o(.text) for __I$use$fp
    sin_i_x.o(i.____kernel_sin$lsc) refers (Special) to iusefp.o(.text) for __I$use$fp
    sin_i_x.o(i.____kernel_sin$lsc) refers to dmul.o(.text) for __aeabi_dmul
    sin_i_x.o(i.____kernel_sin$lsc) refers to poly.o(i.__kernel_poly) for __kernel_poly
    sin_i_x.o(i.____kernel_sin$lsc) refers to dadd.o(.text) for __aeabi_dsub
    sin_i_x.o(i.____kernel_sin$lsc) refers to sin_i_x.o(.constdata) for .constdata
    sin_i_x.o(.constdata) refers (Special) to iusefp.o(.text) for __I$use$fp
    entry2.o(.ARM.Collect$$$$00000001) refers to entry2.o(.ARM.Collect$$$$00002712) for __lit__00000000
    entry2.o(.ARM.Collect$$$$00002712) refers to startup_stm32f40_41xxx.o(STACK) for __initial_sp
    entry2.o(__vectab_stack_and_reset_area) refers to startup_stm32f40_41xxx.o(STACK) for __initial_sp
    entry2.o(__vectab_stack_and_reset_area) refers to entry.o(.ARM.Collect$$$$00000000) for __main
    entry5.o(.ARM.Collect$$$$00000004) refers to init.o(.text) for __scatterload
    entry9a.o(.ARM.Collect$$$$0000000B) refers to main.o(.text) for main
    entry9a.o(.ARM.Collect$$$$0000000B) refers to motor_control.o(.text) for main
    entry9b.o(.ARM.Collect$$$$0000000C) refers to main.o(.text) for main
    entry9b.o(.ARM.Collect$$$$0000000C) refers to motor_control.o(.text) for main
    uldiv.o(.text) refers to llushr.o(.text) for __aeabi_llsr
    uldiv.o(.text) refers to llshl.o(.text) for __aeabi_llsl
    errno.o(i.__aeabi_errno_addr) refers to errno.o(.data) for .data
    errno.o(i.__read_errno) refers to errno.o(.data) for .data
    errno.o(i.__set_errno) refers to errno.o(.data) for .data
    scanf_char.o(.text) refers to _scanf.o(.text) for __vfscanf
    scanf_char.o(.text) refers to isspace_c.o(.text) for isspace
    depilogue.o(.text) refers to llshl.o(.text) for __aeabi_llsl
    depilogue.o(.text) refers to llushr.o(.text) for __aeabi_llsr
    dsqrt.o(.text) refers to llushr.o(.text) for __aeabi_llsr
    dsqrt.o(.text) refers to depilogue.o(.text) for _double_round
    dfltul.o(.text) refers to depilogue.o(.text) for _double_epilogue
    dfixul.o(.text) refers to llushr.o(.text) for __aeabi_llsr
    dfixul.o(.text) refers to llshl.o(.text) for __aeabi_llsl
    init.o(.text) refers to entry5.o(.ARM.Collect$$$$00000004) for __main_after_scatterload
    isspace_c.o(.text) refers to ctype_c.o(.text) for __ctype_lookup
    _scanf.o(.text) refers (Weak) to scanf_fp.o(.text) for _scanf_real
    _scanf.o(.text) refers (Weak) to _scanf_int.o(.text) for _scanf_int
    ctype_c.o(.text) refers to ctype_c.o(.constdata) for .constdata
    scanf_fp.o(i._is_digit) refers (Special) to iusefp.o(.text) for __I$use$fp

