Component: ARM Compiler 5.06 update 7 (build 960) Tool: armlink [4d3601]

==============================================================================

Section Cross References

    system_stm32f4xx.o(.text) refers to system_stm32f4xx.o(.data) for .data
    startup_stm32f40_41xxx.o(RESET) refers to startup_stm32f40_41xxx.o(STACK) for __initial_sp
    startup_stm32f40_41xxx.o(RESET) refers to startup_stm32f40_41xxx.o(.text) for Reset_Handler
    startup_stm32f40_41xxx.o(RESET) refers to stm32f4xx_it.o(.text) for NMI_Handler
    startup_stm32f40_41xxx.o(RESET) refers to sys.o(.text) for SysTick_Handler
    startup_stm32f40_41xxx.o(RESET) refers to uart1.o(.text) for USART1_IRQHandler
    startup_stm32f40_41xxx.o(RESET) refers to uart2.o(.text) for USART2_IRQHandler
    startup_stm32f40_41xxx.o(RESET) refers to y_zx_uart3.o(.text) for USART3_IRQHandler
    startup_stm32f40_41xxx.o(RESET) refers to y_spwm.o(.text) for TIM8_UP_TIM13_IRQHandler
    startup_stm32f40_41xxx.o(RESET) refers to y_servo.o(.text) for TIM8_TRG_COM_TIM14_IRQHandler
    startup_stm32f40_41xxx.o(RESET) refers to uart4.o(.text) for UART4_IRQHandler
    startup_stm32f40_41xxx.o(RESET) refers to y_sbus.o(.text) for UART5_IRQHandler
    startup_stm32f40_41xxx.o(RESET) refers to usb_bsp.o(.text) for OTG_FS_IRQHandler
    startup_stm32f40_41xxx.o(RESET) refers to uart6.o(.text) for USART6_IRQHandler
    startup_stm32f40_41xxx.o(.text) refers to system_stm32f4xx.o(.text) for SystemInit
    startup_stm32f40_41xxx.o(.text) refers to entry.o(.ARM.Collect$$$$00000000) for __main
    stm32f4xx_adc.o(.text) refers to stm32f4xx_rcc.o(.text) for RCC_APB2PeriphResetCmd
    stm32f4xx_can.o(.text) refers to stm32f4xx_rcc.o(.text) for RCC_APB1PeriphResetCmd
    stm32f4xx_gpio.o(.text) refers to stm32f4xx_rcc.o(.text) for RCC_AHB1PeriphResetCmd
    stm32f4xx_i2c.o(.text) refers to stm32f4xx_rcc.o(.text) for RCC_APB1PeriphResetCmd
    stm32f4xx_rcc.o(.text) refers to stm32f4xx_rcc.o(.data) for .data
    stm32f4xx_sdio.o(.text) refers to stm32f4xx_rcc.o(.text) for RCC_APB2PeriphResetCmd
    stm32f4xx_spi.o(.text) refers to stm32f4xx_rcc.o(.text) for RCC_APB1PeriphResetCmd
    stm32f4xx_syscfg.o(.text) refers to stm32f4xx_rcc.o(.text) for RCC_APB2PeriphResetCmd
    stm32f4xx_tim.o(.text) refers to stm32f4xx_rcc.o(.text) for RCC_APB2PeriphResetCmd
    stm32f4xx_usart.o(.text) refers to stm32f4xx_rcc.o(.text) for RCC_APB2PeriphResetCmd
    stm32f4xx_dac.o(.text) refers to stm32f4xx_rcc.o(.text) for RCC_APB1PeriphResetCmd
    usbh_hid_core.o(.text) refers to printf8.o(i.__0printf$8) for __2printf
    usbh_hid_core.o(.text) refers to usbh_hcs.o(.text) for USBH_Alloc_Channel
    usbh_hid_core.o(.text) refers to usb_core.o(.text) for USB_OTG_HC_Halt
    usbh_hid_core.o(.text) refers to usbh_stdreq.o(.text) for USBH_GetDescriptor
    usbh_hid_core.o(.text) refers to usbh_ioreq.o(.text) for USBH_CtlReq
    usbh_hid_core.o(.text) refers to usb_hcd.o(.text) for HCD_GetCurrentFrame
    usbh_hid_core.o(.text) refers to usbh_hid_core.o(.bss) for .bss
    usbh_hid_core.o(.text) refers to usbh_hid_core.o(.data) for .data
    usbh_hid_core.o(.text) refers to usbh_hid_keybd.o(.data) for HID_KEYBRD_cb
    usbh_hid_core.o(.text) refers to usbh_hid_mouse.o(.data) for HID_MOUSE_cb
    usbh_hid_core.o(.text) refers to usbh_hid_gamepad.o(.data) for HID_GAMEPAD_cb
    usbh_hid_core.o(.data) refers to usbh_hid_core.o(.text) for USBH_HID_InterfaceInit
    usbh_hid_gamepad.o(.text) refers to usbh_usr.o(.text) for USR_GAMEPAD_Init
    usbh_hid_gamepad.o(.text) refers to usbh_hid_gamepad.o(.bss) for .bss
    usbh_hid_gamepad.o(.text) refers to usbh_hid_gamepad.o(.data) for .data
    usbh_hid_gamepad.o(.data) refers to usbh_hid_gamepad.o(.text) for GAMEPAD_Init
    usbh_hid_keybd.o(.text) refers to usbh_usr.o(.text) for USR_KEYBRD_Init
    usbh_hid_keybd.o(.text) refers to usbh_hid_keybd.o(.data) for .data
    usbh_hid_keybd.o(.text) refers to usbh_hid_keybd.o(.constdata) for .constdata
    usbh_hid_keybd.o(.data) refers to usbh_hid_keybd.o(.text) for KEYBRD_Init
    usbh_hid_mouse.o(.text) refers to usbh_usr.o(.text) for USR_MOUSE_Init
    usbh_hid_mouse.o(.text) refers to usbh_hid_mouse.o(.data) for .data
    usbh_hid_mouse.o(.data) refers to usbh_hid_mouse.o(.text) for MOUSE_Init
    usbh_core.o(.text) refers to usb_bsp.o(.text) for USB_OTG_BSP_DriveVBUS
    usbh_core.o(.text) refers to usb_core.o(.text) for USB_OTG_DisableGlobalInt
    usbh_core.o(.text) refers to usbh_hcs.o(.text) for USBH_Free_Channel
    usbh_core.o(.text) refers to usb_hcd.o(.text) for HCD_Init
    usbh_core.o(.text) refers to usbh_ioreq.o(.text) for USBH_CtlSendSetup
    usbh_core.o(.text) refers to usbh_stdreq.o(.text) for USBH_Get_DevDesc
    usbh_core.o(.text) refers to usbh_core.o(.data) for .data
    usbh_core.o(.data) refers to usbh_core.o(.text) for USBH_SOF
    usbh_core.o(.data) refers to usbh_core.o(.data) for USBH_HCD_INT_cb
    usbh_hcs.o(.text) refers to usb_core.o(.text) for USB_OTG_HC_Init
[...]
    ADC_ClearITPendingBit                    0x08000739   Thumb Code     8  stm32f4xx_adc.o(.text)
    GPIO_DeInit                              0x08000755   Thumb Code   216  stm32f4xx_gpio.o(.text)
    GPIO_Init                                0x0800082d   Thumb Code   162  stm32f4xx_gpio.o(.text)
    GPIO_StructInit                          0x080008cf   Thumb Code    18  stm32f4xx_gpio.o(.text)
    GPIO_PinLockConfig                       0x080008e1   Thumb Code    24  stm32f4xx_gpio.o(.text)
    GPIO_ReadInputDataBit                    0x080008f9   Thumb Code    14  stm32f4xx_gpio.o(.text)
    GPIO_ReadInputData                       0x08000907   Thumb Code     6  stm32f4xx_gpio.o(.text)
    GPIO_ReadOutputDataBit                   0x0800090d   Thumb Code    14  stm32f4xx_gpio.o(.text)
    GPIO_ReadOutputData                      0x0800091b   Thumb Code     6  stm32f4xx_gpio.o(.text)
    GPIO_SetBits                             0x08000921   Thumb Code     4  stm32f4xx_gpio.o(.text)
    GPIO_ResetBits                           0x08000925   Thumb Code     4  stm32f4xx_gpio.o(.text)
    GPIO_WriteBit                            0x08000929   Thumb Code    10  stm32f4xx_gpio.o(.text)
    GPIO_Write                               0x08000933   Thumb Code     4  stm32f4xx_gpio.o(.text)
    GPIO_ToggleBits                          0x08000937   Thumb Code     8  stm32f4xx_gpio.o(.text)
    GPIO_PinAFConfig                         0x0800093f   Thumb Code    32  stm32f4xx_gpio.o(.text)
    RCC_DeInit                               0x0800098d   Thumb Code    68  stm32f4xx_rcc.o(.text)
    RCC_HSEConfig                            0x080009d1   Thumb Code    12  stm32f4xx_rcc.o(.text)
    RCC_GetFlagStatus                        0x080009dd   Thumb Code    46  stm32f4xx_rcc.o(.text)
    RCC_WaitForHSEStartUp                    0x08000a0b   Thumb Code    44  stm32f4xx_rcc.o(.text)
    RCC_AdjustHSICalibrationValue            0x08000a37   Thumb Code    16  stm32f4xx_rcc.o(.text)
    RCC_HSICmd                               0x08000a47   Thumb Code     6  stm32f4xx_rcc.o(.text)
    RCC_LSEConfig                            0x08000a4d   Thumb Code    24  stm32f4xx_rcc.o(.text)
    RCC_LSICmd                               0x08000a65   Thumb Code     6  stm32f4xx_rcc.o(.text)
    RCC_PLLConfig                            0x08000a6b   Thumb Code    32  stm32f4xx_rcc.o(.text)
    RCC_PLLCmd                               0x08000a8b   Thumb Code     6  stm32f4xx_rcc.o(.text)
    RCC_PLLI2SConfig                         0x08000a91   Thumb Code    14  stm32f4xx_rcc.o(.text)
    RCC_PLLI2SCmd                            0x08000a9f   Thumb Code     6  stm32f4xx_rcc.o(.text)
    RCC_PLLSAIConfig                         0x08000aa5   Thumb Code    18  stm32f4xx_rcc.o(.text)
    RCC_PLLSAICmd                            0x08000ab7   Thumb Code     6  stm32f4xx_rcc.o(.text)
    RCC_ClockSecuritySystemCmd               0x08000abd   Thumb Code     6  stm32f4xx_rcc.o(.text)
    RCC_MCO1Config                           0x08000ac3   Thumb Code    18  stm32f4xx_rcc.o(.text)
    RCC_MCO2Config                           0x08000ad5   Thumb Code    18  stm32f4xx_rcc.o(.text)
    RCC_SYSCLKConfig                         0x08000ae7   Thumb Code    16  stm32f4xx_rcc.o(.text)
    RCC_GetSYSCLKSource                      0x08000af7   Thumb Code    12  stm32f4xx_rcc.o(.text)
    RCC_HCLKConfig                           0x08000b03   Thumb Code    16  stm32f4xx_rcc.o(.text)
    RCC_PCLK1Config                          0x08000b13   Thumb Code    16  stm32f4xx_rcc.o(.text)
    RCC_PCLK2Config                          0x08000b23   Thumb Code    18  stm32f4xx_rcc.o(.text)
    RCC_GetClocksFreq                        0x08000b35   Thumb Code   134  stm32f4xx_rcc.o(.text)
    RCC_RTCCLKConfig                         0x08000bbb   Thumb Code    42  stm32f4xx_rcc.o(.text)
    RCC_RTCCLKCmd                            0x08000be5   Thumb Code     8  stm32f4xx_rcc.o(.text)
    RCC_BackupResetCmd                       0x08000bed   Thumb Code     8  stm32f4xx_rcc.o(.text)
    RCC_I2SCLKConfig                         0x08000bf5   Thumb Code     8  stm32f4xx_rcc.o(.text)
    RCC_SAIPLLI2SClkDivConfig                0x08000bfd   Thumb Code    18  stm32f4xx_rcc.o(.text)
    RCC_SAIPLLSAIClkDivConfig                0x08000c0f   Thumb Code    24  stm32f4xx_rcc.o(.text)
    RCC_SAIBlockACLKConfig                   0x08000c27   Thumb Code    16  stm32f4xx_rcc.o(.text)
    RCC_SAIBlockBCLKConfig                   0x08000c37   Thumb Code    16  stm32f4xx_rcc.o(.text)
    RCC_LTDCCLKDivConfig                     0x08000c47   Thumb Code    16  stm32f4xx_rcc.o(.text)
    RCC_TIMCLKPresConfig                     0x08000c57   Thumb Code     8  stm32f4xx_rcc.o(.text)
    RCC_AHB1PeriphClockCmd                   0x08000c5f   Thumb Code    20  stm32f4xx_rcc.o(.text)
    RCC_AHB2PeriphClockCmd                   0x08000c73   Thumb Code    20  stm32f4xx_rcc.o(.text)
    RCC_AHB3PeriphClockCmd                   0x08000c87   Thumb Code    20  stm32f4xx_rcc.o(.text)
    RCC_APB1PeriphClockCmd                   0x08000c9b   Thumb Code    20  stm32f4xx_rcc.o(.text)
    RCC_APB2PeriphClockCmd                   0x08000caf   Thumb Code    20  stm32f4xx_rcc.o(.text)
    RCC_AHB1PeriphResetCmd                   0x08000cc3   Thumb Code    20  stm32f4xx_rcc.o(.text)
    RCC_AHB2PeriphResetCmd                   0x08000cd7   Thumb Code    20  stm32f4xx_rcc.o(.text)
    RCC_AHB3PeriphResetCmd                   0x08000ceb   Thumb Code    20  stm32f4xx_rcc.o(.text)
    RCC_APB1PeriphResetCmd                   0x08000cff   Thumb Code    20  stm32f4xx_rcc.o(.text)
    RCC_APB2PeriphResetCmd                   0x08000d13   Thumb Code    20  stm32f4xx_rcc.o(.text)
    RCC_AHB1PeriphClockLPModeCmd             0x08000d27   Thumb Code    20  stm32f4xx_rcc.o(.text)
    RCC_AHB2PeriphClockLPModeCmd             0x08000d3b   Thumb Code    20  stm32f4xx_rcc.o(.text)
    RCC_AHB3PeriphClockLPModeCmd             0x08000d4f   Thumb Code    20  stm32f4xx_rcc.o(.text)
    RCC_APB1PeriphClockLPModeCmd             0x08000d63   Thumb Code    64  stm32f4xx_rcc.o(.text)
    RCC_APB2PeriphClockLPModeCmd             0x08000da3   Thumb Code    18  stm32f4xx_rcc.o(.text)
    RCC_LSEModeConfig                        0x08000db5   Thumb Code    24  stm32f4xx_rcc.o(.text)
    RCC_ITConfig                             0x08000dcd   Thumb Code    20  stm32f4xx_rcc.o(.text)
    RCC_ClearFlag                            0x08000de1   Thumb Code    14  stm32f4xx_rcc.o(.text)
    RCC_GetITStatus                          0x08000def   Thumb Code    18  stm32f4xx_rcc.o(.text)
    RCC_ClearITPendingBit                    0x08000e01   Thumb Code     8  stm32f4xx_rcc.o(.text)
    SPI_I2S_DeInit                           0x08000e0d   Thumb Code   108  stm32f4xx_spi.o(.text)
    SPI_Init                                 0x08000e79   Thumb Code    56  stm32f4xx_spi.o(.text)
    I2S_Init                                 0x08000eb1   Thumb Code   198  stm32f4xx_spi.o(.text)
    SPI_StructInit                           0x08000f77   Thumb Code    24  stm32f4xx_spi.o(.text)
    I2S_StructInit                           0x08000f8f   Thumb Code    18  stm32f4xx_spi.o(.text)
    SPI_Cmd                                  0x08000fa1   Thumb Code    20  stm32f4xx_spi.o(.text)
    I2S_Cmd                                  0x08000fb5   Thumb Code    20  stm32f4xx_spi.o(.text)
    SPI_DataSizeConfig                       0x08000fc9   Thumb Code    16  stm32f4xx_spi.o(.text)
    SPI_BiDirectionalLineConfig              0x08000fd9   Thumb Code    22  stm32f4xx_spi.o(.text)
    SPI_NSSInternalSoftwareConfig            0x08000fef   Thumb Code    24  stm32f4xx_spi.o(.text)
    SPI_SSOutputCmd                          0x08001007   Thumb Code    20  stm32f4xx_spi.o(.text)
    SPI_TIModeCmd                            0x0800101b   Thumb Code    20  stm32f4xx_spi.o(.text)
    I2S_FullDuplexConfig                     0x0800102f   Thumb Code    58  stm32f4xx_spi.o(.text)
    SPI_I2S_ReceiveData                      0x08001069   Thumb Code     4  stm32f4xx_spi.o(.text)
    SPI_I2S_SendData                         0x0800106d   Thumb Code     4  stm32f4xx_spi.o(.text)
    SPI_CalculateCRC                         0x08001071   Thumb Code    20  stm32f4xx_spi.o(.text)
    SPI_TransmitCRC                          0x08001085   Thumb Code    10  stm32f4xx_spi.o(.text)
    SPI_GetCRC                               0x0800108f   Thumb Code    12  stm32f4xx_spi.o(.text)
    SPI_GetCRCPolynomial                     0x0800109b   Thumb Code     4  stm32f4xx_spi.o(.text)
    SPI_I2S_DMACmd                           0x0800109f   Thumb Code    16  stm32f4xx_spi.o(.text)
    SPI_I2S_ITConfig                         0x080010af   Thumb Code    24  stm32f4xx_spi.o(.text)
    SPI_I2S_GetFlagStatus                    0x080010c7   Thumb Code    14  stm32f4xx_spi.o(.text)
    SPI_I2S_ClearFlag                        0x080010d5   Thumb Code     6  stm32f4xx_spi.o(.text)
    SPI_I2S_GetITStatus                      0x080010db   Thumb Code    42  stm32f4xx_spi.o(.text)
    SPI_I2S_ClearITPendingBit                0x08001105   Thumb Code    14  stm32f4xx_spi.o(.text)
    TIM_DeInit                               0x08001139   Thumb Code   284  stm32f4xx_tim.o(.text)
    TIM_TimeBaseInit                         0x08001255   Thumb Code    96  stm32f4xx_tim.o(.text)
    TIM_TimeBaseStructInit                   0x080012b5   Thumb Code    18  stm32f4xx_tim.o(.text)
    TIM_PrescalerConfig                      0x080012c7   Thumb Code     6  stm32f4xx_tim.o(.text)
    TIM_CounterModeConfig                    0x080012cd   Thumb Code    12  stm32f4xx_tim.o(.text)
    TIM_SetCounter                           0x080012d9   Thumb Code     4  stm32f4xx_tim.o(.text)
    TIM_SetAutoreload                        0x080012dd   Thumb Code     4  stm32f4xx_tim.o(.text)
    TIM_GetCounter                           0x080012e1   Thumb Code     4  stm32f4xx_tim.o(.text)
    TIM_GetPrescaler                         0x080012e5   Thumb Code     4  stm32f4xx_tim.o(.text)
    TIM_UpdateDisableConfig                  0x080012e9   Thumb Code    20  stm32f4xx_tim.o(.text)
    TIM_UpdateRequestConfig                  0x080012fd   Thumb Code    20  stm32f4xx_tim.o(.text)
    TIM_ARRPreloadConfig                     0x08001311   Thumb Code    20  stm32f4xx_tim.o(.text)
    TIM_SelectOnePulseMode                   0x08001325   Thumb Code    16  stm32f4xx_tim.o(.text)
    TIM_SetClockDivision                     0x08001335   Thumb Code    16  stm32f4xx_tim.o(.text)
    TIM_Cmd                                  0x08001345   Thumb Code    20  stm32f4xx_tim.o(.text)
    TIM_OC1Init                              0x08001359   Thumb Code    88  stm32f4xx_tim.o(.text)
    TIM_OC2Init                              0x080013b1   Thumb Code   120  stm32f4xx_tim.o(.text)
    TIM_OC3Init                              0x08001429   Thumb Code   116  stm32f4xx_tim.o(.text)
    TIM_OC4Init                              0x0800149d   Thumb Code    88  stm32f4xx_tim.o(.text)
    TIM_OCStructInit                         0x080014f5   Thumb Code    20  stm32f4xx_tim.o(.text)
    TIM_SelectOCxM                           0x08001509   Thumb Code   130  stm32f4xx_tim.o(.text)
    TIM_SetCompare1                          0x0800158b   Thumb Code     4  stm32f4xx_tim.o(.text)
    TIM_SetCompare2                          0x0800158f   Thumb Code     4  stm32f4xx_tim.o(.text)
    TIM_SetCompare3                          0x08001593   Thumb Code     4  stm32f4xx_tim.o(.text)
    TIM_SetCompare4                          0x08001597   Thumb Code     4  stm32f4xx_tim.o(.text)
    TIM_ForcedOC1Config                      0x0800159b   Thumb Code    12  stm32f4xx_tim.o(.text)
    TIM_ForcedOC2Config                      0x080015a7   Thumb Code    20  stm32f4xx_tim.o(.text)
    TIM_ForcedOC3Config                      0x080015bb   Thumb Code    12  stm32f4xx_tim.o(.text)
    TIM_ForcedOC4Config                      0x080015c7   Thumb Code    20  stm32f4xx_tim.o(.text)
    TIM_OC1PreloadConfig                     0x080015db   Thumb Code    12  stm32f4xx_tim.o(.text)
    TIM_OC2PreloadConfig                     0x080015e7   Thumb Code    20  stm32f4xx_tim.o(.text)
    TIM_OC3PreloadConfig                     0x080015fb   Thumb Code    12  stm32f4xx_tim.o(.text)
    TIM_OC4PreloadConfig                     0x08001607   Thumb Code    20  stm32f4xx_tim.o(.text)
    TIM_OC1FastConfig                        0x0800161b   Thumb Code    12  stm32f4xx_tim.o(.text)
    TIM_OC2FastConfig                        0x08001627   Thumb Code    20  stm32f4xx_tim.o(.text)
    TIM_OC3FastConfig                        0x0800163b   Thumb Code    12  stm32f4xx_tim.o(.text)
    TIM_OC4FastConfig                        0x08001647   Thumb Code    20  stm32f4xx_tim.o(.text)
    TIM_ClearOC1Ref                          0x0800165b   Thumb Code    12  stm32f4xx_tim.o(.text)
    TIM_ClearOC2Ref                          0x08001667   Thumb Code    20  stm32f4xx_tim.o(.text)
    TIM_ClearOC3Ref                          0x0800167b   Thumb Code    12  stm32f4xx_tim.o(.text)
    TIM_ClearOC4Ref                          0x08001687   Thumb Code    20  stm32f4xx_tim.o(.text)
    TIM_OC1PolarityConfig                    0x0800169b   Thumb Code    12  stm32f4xx_tim.o(.text)
    TIM_OC1NPolarityConfig                   0x080016a7   Thumb Code    12  stm32f4xx_tim.o(.text)
    TIM_OC2PolarityConfig                    0x080016b3   Thumb Code    20  stm32f4xx_tim.o(.text)
    TIM_OC2NPolarityConfig                   0x080016c7   Thumb Code    20  stm32f4xx_tim.o(.text)
    TIM_OC3PolarityConfig                    0x080016db   Thumb Code    20  stm32f4xx_tim.o(.text)
    TIM_OC3NPolarityConfig                   0x080016ef   Thumb Code    20  stm32f4xx_tim.o(.text)
    TIM_OC4PolarityConfig                    0x08001703   Thumb Code    20  stm32f4xx_tim.o(.text)
    TIM_CCxCmd                               0x08001717   Thumb Code    22  stm32f4xx_tim.o(.text)
    TIM_CCxNCmd                              0x0800172d   Thumb Code    22  stm32f4xx_tim.o(.text)
    TIM_SetIC4Prescaler                      0x08001743   Thumb Code    24  stm32f4xx_tim.o(.text)
    TIM_SetIC3Prescaler                      0x0800175b   Thumb Code    16  stm32f4xx_tim.o(.text)
    TIM_SetIC2Prescaler                      0x0800176b   Thumb Code    24  stm32f4xx_tim.o(.text)
    TIM_SetIC1Prescaler                      0x080017b9   Thumb Code    16  stm32f4xx_tim.o(.text)
    TIM_ICInit                               0x080017c9   Thumb Code   164  stm32f4xx_tim.o(.text)
    TIM_ICStructInit                         0x0800186d   Thumb Code    16  stm32f4xx_tim.o(.text)
    TIM_PWMIConfig                           0x0800187d   Thumb Code   104  stm32f4xx_tim.o(.text)
    TIM_GetCapture1                          0x080018e5   Thumb Code     4  stm32f4xx_tim.o(.text)
    TIM_GetCapture2                          0x080018e9   Thumb Code     4  stm32f4xx_tim.o(.text)
    TIM_GetCapture3                          0x080018ed   Thumb Code     4  stm32f4xx_tim.o(.text)
    TIM_GetCapture4                          0x080018f1   Thumb Code     4  stm32f4xx_tim.o(.text)
    TIM_BDTRConfig                           0x080018f5   Thumb Code    34  stm32f4xx_tim.o(.text)
    TIM_BDTRStructInit                       0x08001917   Thumb Code    18  stm32f4xx_tim.o(.text)
    TIM_CtrlPWMOutputs                       0x08001929   Thumb Code    22  stm32f4xx_tim.o(.text)
    TIM_SelectCOM                            0x0800193f   Thumb Code    20  stm32f4xx_tim.o(.text)
    TIM_CCPreloadControl                     0x08001953   Thumb Code    20  stm32f4xx_tim.o(.text)
    TIM_ITConfig                             0x08001967   Thumb Code    16  stm32f4xx_tim.o(.text)
    TIM_GenerateEvent                        0x08001977   Thumb Code     4  stm32f4xx_tim.o(.text)
    TIM_GetFlagStatus                        0x0800197b   Thumb Code    14  stm32f4xx_tim.o(.text)
    TIM_ClearFlag                            0x08001989   Thumb Code     6  stm32f4xx_tim.o(.text)
    TIM_GetITStatus                          0x0800198f   Thumb Code    24  stm32f4xx_tim.o(.text)
    TIM_ClearITPendingBit                    0x080019a7   Thumb Code     6  stm32f4xx_tim.o(.text)
    TIM_DMAConfig                            0x080019ad   Thumb Code     8  stm32f4xx_tim.o(.text)
    TIM_DMACmd                               0x080019b5   Thumb Code    16  stm32f4xx_tim.o(.text)
    TIM_SelectCCDMA                          0x080019c5   Thumb Code    20  stm32f4xx_tim.o(.text)
    TIM_InternalClockConfig                  0x080019d9   Thumb Code    10  stm32f4xx_tim.o(.text)
    TIM_SelectInputTrigger                   0x080019e3   Thumb Code    12  stm32f4xx_tim.o(.text)
    TIM_ITRxExternalClockConfig              0x080019ef   Thumb Code    18  stm32f4xx_tim.o(.text)
    TIM_TIxExternalClockConfig               0x08001a01   Thumb Code    46  stm32f4xx_tim.o(.text)
    TIM_ETRConfig                            0x08001a2f   Thumb Code    24  stm32f4xx_tim.o(.text)
    TIM_ETRClockMode1Config                  0x08001a47   Thumb Code    18  stm32f4xx_tim.o(.text)
    TIM_ETRClockMode2Config                  0x08001a59   Thumb Code    18  stm32f4xx_tim.o(.text)
    TIM_SelectOutputTrigger                  0x08001a6b   Thumb Code    16  stm32f4xx_tim.o(.text)
    TIM_SelectSlaveMode                      0x08001a7b   Thumb Code    16  stm32f4xx_tim.o(.text)
    TIM_SelectMasterSlaveMode                0x08001a8b   Thumb Code    16  stm32f4xx_tim.o(.text)
    TIM_EncoderInterfaceConfig               0x08001a9b   Thumb Code    50  stm32f4xx_tim.o(.text)
    TIM_SelectHallSensor                     0x08001acd   Thumb Code    20  stm32f4xx_tim.o(.text)
    TIM_RemapConfig                          0x08001ae1   Thumb Code     6  stm32f4xx_tim.o(.text)
    USART_DeInit                             0x08001b15   Thumb Code   138  stm32f4xx_usart.o(.text)
    USART_Init                               0x08001b9f   Thumb Code   164  stm32f4xx_usart.o(.text)
    USART_StructInit                         0x08001c43   Thumb Code    22  stm32f4xx_usart.o(.text)
    USART_ClockInit                          0x08001c59   Thumb Code    28  stm32f4xx_usart.o(.text)
    USART_ClockStructInit                    0x08001c75   Thumb Code    12  stm32f4xx_usart.o(.text)
    USART_Cmd                                0x08001c81   Thumb Code    20  stm32f4xx_usart.o(.text)
    USART_SetPrescaler                       0x08001c95   Thumb Code    16  stm32f4xx_usart.o(.text)
    USART_OverSampling8Cmd                   0x08001ca5   Thumb Code    20  stm32f4xx_usart.o(.text)
    USART_OneBitMethodCmd                    0x08001cb9   Thumb Code    20  stm32f4xx_usart.o(.text)
    USART_SendData                           0x08001ccd   Thumb Code     8  stm32f4xx_usart.o(.text)
    USART_ReceiveData                        0x08001cd5   Thumb Code     8  stm32f4xx_usart.o(.text)
    USART_SetAddress                         0x08001cdd   Thumb Code    16  stm32f4xx_usart.o(.text)
    USART_ReceiverWakeUpCmd                  0x08001ced   Thumb Code    20  stm32f4xx_usart.o(.text)
    USART_WakeUpConfig                       0x08001d01   Thumb Code    16  stm32f4xx_usart.o(.text)
    USART_LINBreakDetectLengthConfig         0x08001d11   Thumb Code    16  stm32f4xx_usart.o(.text)
    USART_LINCmd                             0x08001d21   Thumb Code    20  stm32f4xx_usart.o(.text)
    USART_SendBreak                          0x08001d35   Thumb Code    10  stm32f4xx_usart.o(.text)
    USART_HalfDuplexCmd                      0x08001d3f   Thumb Code    20  stm32f4xx_usart.o(.text)
    USART_SetGuardTime                       0x08001d53   Thumb Code    16  stm32f4xx_usart.o(.text)
    USART_SmartCardCmd                       0x08001d63   Thumb Code    20  stm32f4xx_usart.o(.text)
    USART_SmartCardNACKCmd                   0x08001d77   Thumb Code    20  stm32f4xx_usart.o(.text)
    USART_IrDAConfig                         0x08001d8b   Thumb Code    16  stm32f4xx_usart.o(.text)
    USART_IrDACmd                            0x08001d9b   Thumb Code    20  stm32f4xx_usart.o(.text)
    USART_DMACmd                             0x08001daf   Thumb Code    16  stm32f4xx_usart.o(.text)
    USART_ITConfig                           0x08001dbf   Thumb Code    48  stm32f4xx_usart.o(.text)
    USART_GetFlagStatus                      0x08001def   Thumb Code    14  stm32f4xx_usart.o(.text)
    USART_ClearFlag                          0x08001dfd   Thumb Code     6  stm32f4xx_usart.o(.text)
    USART_GetITStatus                        0x08001e03   Thumb Code    62  stm32f4xx_usart.o(.text)
    USART_ClearITPendingBit                  0x08001e41   Thumb Code    12  stm32f4xx_usart.o(.text)
    USBH_Set_Report                          0x080021ef   Thumb Code    36  usbh_hid_core.o(.text)
    USBH_Connected                           0x08002395   Thumb Code    10  usbh_core.o(.text)
    USBH_PortEnabled                         0x0800239f   Thumb Code    10  usbh_core.o(.text)
    USBH_PortDisabled                        0x080023a9   Thumb Code    10  usbh_core.o(.text)
    USBH_Disconnected                        0x080023b3   Thumb Code    36  usbh_core.o(.text)
    USBH_SOF                                 0x080023d7   Thumb Code     4  usbh_core.o(.text)
    USBH_DeInit                              0x080023db   Thumb Code    52  usbh_core.o(.text)
    USBH_Init                                0x0800240f   Thumb Code    60  usbh_core.o(.text)
    USBH_HandleControl                       0x0800244b   Thumb Code   458  usbh_core.o(.text)
    USBH_ErrorHandle                         0x08002615   Thumb Code    44  usbh_core.o(.text)
    USBH_Process                             0x080027d7   Thumb Code   444  usbh_core.o(.text)
    USB_OTG_BSP_Resume                       0x08002993   Thumb Code    64  usbh_core.o(.text)
    USB_OTG_BSP_Suspend                      0x080029d3   Thumb Code    40  usbh_core.o(.text)
    USBH_Open_Channel                        0x08002a05   Thumb Code    84  usbh_hcs.o(.text)
    USBH_Modify_Channel                      0x08002a59   Thumb Code    50  usbh_hcs.o(.text)
    USBH_Alloc_Channel                       0x08002a8b   Thumb Code    54  usbh_hcs.o(.text)
    USBH_Free_Channel                        0x08002ac1   Thumb Code    24  usbh_hcs.o(.text)
    USBH_DeAllocate_AllChannel               0x08002ad9   Thumb Code    24  usbh_hcs.o(.text)
    USBH_CtlReq                              0x08002af1   Thumb Code    70  usbh_ioreq.o(.text)
    USBH_CtlSendSetup                        0x08002b37   Thumb Code    38  usbh_ioreq.o(.text)
    USBH_CtlSendData                         0x08002b5d   Thumb Code    54  usbh_ioreq.o(.text)
    USBH_CtlReceiveData                      0x08002b93   Thumb Code    32  usbh_ioreq.o(.text)
    USBH_BulkSendData                        0x08002bb3   Thumb Code    40  usbh_ioreq.o(.text)
    USBH_BulkReceiveData                     0x08002bdb   Thumb Code    38  usbh_ioreq.o(.text)
    USBH_InterruptReceiveData                0x08002c01   Thumb Code    50  usbh_ioreq.o(.text)
    USBH_InterruptSendData                   0x08002c33   Thumb Code    48  usbh_ioreq.o(.text)
    USBH_IsocReceiveData                     0x08002c63   Thumb Code    32  usbh_ioreq.o(.text)
    USBH_IsocSendData                        0x08002c83   Thumb Code    32  usbh_ioreq.o(.text)
    USBH_GetDescriptor                       0x08002ca5   Thumb Code    48  usbh_stdreq.o(.text)
    USBH_Get_DevDesc                         0x08002cd5   Thumb Code   156  usbh_stdreq.o(.text)
    USBH_GetNextDesc                         0x08002d71   Thumb Code    14  usbh_stdreq.o(.text)
    USBH_ParseCfgDesc                        0x08002d7f   Thumb Code   288  usbh_stdreq.o(.text)
    USBH_Get_CfgDesc                         0x08002e9f   Thumb Code    90  usbh_stdreq.o(.text)
    USBH_Get_StringDesc                      0x08002ef9   Thumb Code    72  usbh_stdreq.o(.text)
    USBH_SetAddress                          0x08002f41   Thumb Code    24  usbh_stdreq.o(.text)
    USBH_SetCfg                              0x08002f59   Thumb Code    24  usbh_stdreq.o(.text)
    USBH_SetInterface                        0x08002f71   Thumb Code    26  usbh_stdreq.o(.text)
    USBH_SetDeviceFeature                    0x08002f8b   Thumb Code    26  usbh_stdreq.o(.text)
    USBH_ClearDeviceFeature                  0x08002fa5   Thumb Code    26  usbh_stdreq.o(.text)
    USBH_ClrFeature                          0x08002fbf   Thumb Code    46  usbh_stdreq.o(.text)
    USBH_OTG_ISR_Handler                     0x08003deb   Thumb Code   168  usb_hcd_int.o(.text)
    HCD_Init                                 0x08003e99   Thumb Code    86  usb_hcd.o(.text)
    HCD_GetCurrentSpeed                      0x08003eef   Thumb Code    12  usb_hcd.o(.text)
    HCD_ResetPort                            0x08003efb   Thumb Code    10  usb_hcd.o(.text)
    HCD_IsDeviceConnected                    0x08003f05   Thumb Code     6  usb_hcd.o(.text)
    HCD_IsPortEnabled                        0x08003f0b   Thumb Code     6  usb_hcd.o(.text)
    HCD_GetCurrentFrame                      0x08003f11   Thumb Code     8  usb_hcd.o(.text)
    HCD_GetURB_State                         0x08003f19   Thumb Code     8  usb_hcd.o(.text)
    HCD_GetXferCnt                           0x08003f21   Thumb Code    10  usb_hcd.o(.text)
    HCD_GetHCState                           0x08003f2b   Thumb Code     8  usb_hcd.o(.text)
    HCD_HC_Init                              0x08003f33   Thumb Code     4  usb_hcd.o(.text)
    HCD_SubmitRequest                        0x08003f37   Thumb Code    20  usb_hcd.o(.text)
    USB_OTG_WritePacket                      0x08003fa1   Thumb Code    40  usb_core.o(.text)
    USB_OTG_ReadPacket                       0x08003fc9   Thumb Code    32  usb_core.o(.text)
    USB_OTG_SelectCore                       0x08003fe9   Thumb Code   188  usb_core.o(.text)
    USB_OTG_CoreInit                         0x080040a5   Thumb Code   128  usb_core.o(.text)
    USB_OTG_EnableGlobalInt                  0x08004125   Thumb Code    16  usb_core.o(.text)
    USB_OTG_DisableGlobalInt                 0x08004135   Thumb Code    16  usb_core.o(.text)
    USB_OTG_FlushTxFifo                      0x08004145   Thumb Code    60  usb_core.o(.text)
    USB_OTG_FlushRxFifo                      0x08004181   Thumb Code    52  usb_core.o(.text)
    USB_OTG_SetCurrentMode                   0x080041b5   Thumb Code    42  usb_core.o(.text)
    USB_OTG_GetMode                          0x080041df   Thumb Code    10  usb_core.o(.text)
    USB_OTG_IsDeviceMode                     0x080041e9   Thumb Code    18  usb_core.o(.text)
    USB_OTG_IsHostMode                       0x080041fb   Thumb Code    14  usb_core.o(.text)
    USB_OTG_ReadCoreItr                      0x08004209   Thumb Code    10  usb_core.o(.text)
    USB_OTG_ReadOtgItr                       0x08004213   Thumb Code     6  usb_core.o(.text)
    USB_OTG_EnableHostInt                    0x08004219   Thumb Code    68  usb_core.o(.text)
    USB_OTG_ReadHPRT0                        0x0800425d   Thumb Code    12  usb_core.o(.text)
    USB_OTG_DriveVbus                        0x08004269   Thumb Code    58  usb_core.o(.text)
    USB_OTG_ResetPort                        0x080042a3   Thumb Code    42  usb_core.o(.text)
    USB_OTG_InitFSLSPClkSel                  0x080042cd   Thumb Code    12  usb_core.o(.text)
    USB_OTG_CoreInitHost                     0x080042d9   Thumb Code   186  usb_core.o(.text)
    USB_OTG_IsEvenFrame                      0x08004393   Thumb Code    12  usb_core.o(.text)
    USB_OTG_ReadHostAllChannels_intr         0x0800439f   Thumb Code     6  usb_core.o(.text)
    USB_OTG_HC_Init                          0x080043a5   Thumb Code   236  usb_core.o(.text)
    USB_OTG_HC_StartXfer                     0x08004491   Thumb Code   258  usb_core.o(.text)
    USB_OTG_HC_Halt                          0x08004593   Thumb Code    72  usb_core.o(.text)
    USB_OTG_HC_DoPing                        0x080045db   Thumb Code    42  usb_core.o(.text)
    USB_OTG_StopHost                         0x08004605   Thumb Code    64  usb_core.o(.text)
    OTG_FS_IRQHandler                        0x08004645   Thumb Code     6  usb_bsp.o(.text)
    USB_OTG_BSP_Init                         0x0800464b   Thumb Code    78  usb_bsp.o(.text)
    USB_OTG_BSP_EnableInterrupt              0x08004699   Thumb Code    32  usb_bsp.o(.text)
    USB_OTG_BSP_DisableInterrupt             0x080046b9   Thumb Code     2  usb_bsp.o(.text)
    USB_OTG_BSP_DriveVBUS                    0x080046bb   Thumb Code     2  usb_bsp.o(.text)
    USB_OTG_BSP_ConfigVBUS                   0x080046bd   Thumb Code     2  usb_bsp.o(.text)
    USB_OTG_BSP_uDelay                       0x080046bf   Thumb Code    14  usb_bsp.o(.text)
    USB_OTG_BSP_mDelay                       0x080046cd   Thumb Code     8  usb_bsp.o(.text)
    USBH_USR_Init                            0x080046dd   Thumb Code    18  usbh_usr.o(.text)
    USBH_USR_DeviceAttached                  0x080046ef   Thumb Code     6  usbh_usr.o(.text)
    USBH_USR_UnrecoveredError                0x080046f5   Thumb Code     6  usbh_usr.o(.text)
    USBH_USR_DeviceDisconnected              0x080046fb   Thumb Code    16  usbh_usr.o(.text)
    USBH_USR_ResetDevice                     0x0800470b   Thumb Code     6  usbh_usr.o(.text)
    USBH_USR_DeviceSpeedDetected             0x08004711   Thumb Code    28  usbh_usr.o(.text)
    USBH_USR_Device_DescAvailable            0x0800472d   Thumb Code    24  usbh_usr.o(.text)
    USBH_USR_DeviceAddressAssigned           0x08004745   Thumb Code     6  usbh_usr.o(.text)
    USBH_USR_Configuration_DescAvailable     0x0800474b   Thumb Code    24  usbh_usr.o(.text)
    USBH_USR_Manufacturer_String             0x08004763   Thumb Code     8  usbh_usr.o(.text)
    USBH_USR_Product_String                  0x0800476b   Thumb Code     8  usbh_usr.o(.text)
    USBH_USR_SerialNum_String                0x08004773   Thumb Code     8  usbh_usr.o(.text)
    USBH_USR_EnumerationDone                 0x0800477b   Thumb Code     6  usbh_usr.o(.text)
    USBH_USR_DeviceNotSupported              0x08004781   Thumb Code     6  usbh_usr.o(.text)
    USBH_USR_UserInput                       0x08004787   Thumb Code    16  usbh_usr.o(.text)
    USBH_USR_OverCurrentDetected             0x08004797   Thumb Code     6  usbh_usr.o(.text)
    USR_MOUSE_Init                           0x0800479d   Thumb Code     6  usbh_usr.o(.text)
    USR_MOUSE_ProcessData                    0x080047a3   Thumb Code     2  usbh_usr.o(.text)
    USR_KEYBRD_Init                          0x080047a5   Thumb Code    18  usbh_usr.o(.text)
    USR_KEYBRD_ProcessData                   0x080047b7   Thumb Code    22  usbh_usr.o(.text)
    USBH_USR_DeInit                          0x080047cd   Thumb Code     6  usbh_usr.o(.text)
    USR_GAMEPAD_Init                         0x080047d3   Thumb Code     6  usbh_usr.o(.text)
    USR_GAMEPAD_ProcessData                  0x080047d9   Thumb Code     2  usbh_usr.o(.text)
    MOTOR_AB_Init                            0x08004a8d   Thumb Code   236  gpio_int.o(.text)
    MOTOR_CD_Init                            0x08004b79   Thumb Code   340  gpio_int.o(.text)
    ENCODER_A_Init                           0x08004ccd   Thumb Code   212  gpio_int.o(.text)
    ENCODER_A_GetCounter                     0x08004da1   Thumb Code    10  gpio_int.o(.text)
    ENCODER_A_SetCounter                     0x08004dab   Thumb Code     8  gpio_int.o(.text)
    ENCODER_B_Init                           0x08004db3   Thumb Code   168  gpio_int.o(.text)
    ENCODER_B_GetCounter                     0x08004e5b   Thumb Code    10  gpio_int.o(.text)
    ENCODER_B_SetCounter                     0x08004e65   Thumb Code     8  gpio_int.o(.text)
    ENCODER_C_Init                           0x08004e6d   Thumb Code   202  gpio_int.o(.text)
    ENCODER_C_GetCounter                     0x08004f37   Thumb Code    10  gpio_int.o(.text)
    ENCODER_C_SetCounter                     0x08004f41   Thumb Code     8  gpio_int.o(.text)
    ENCODER_D_Init                           0x08004f49   Thumb Code   164  gpio_int.o(.text)
    ENCODER_D_GetCounter                     0x08004fed   Thumb Code    10  gpio_int.o(.text)
    ENCODER_D_SetCounter                     0x08004ff7   Thumb Code     8  gpio_int.o(.text)
    TIM_IsEnabledIT_UPDATE                   0x08004fff   Thumb Code     8  gpio_int.o(.text)
    TIM_IsActiveFlag_UPDATE                  0x08005007   Thumb Code     8  gpio_int.o(.text)
    TIM_GetDirection                         0x0800500f   Thumb Code     8  gpio_int.o(.text)
    KEY_Init                                 0x08005017   Thumb Code    50  gpio_int.o(.text)
    TRACK_IR4_Init                           0x08005049   Thumb Code    78  gpio_int.o(.text)
    ultrasonic_sensor_init                   0x08005097   Thumb Code   114  gpio_int.o(.text)
    sensor_sr_ultrasonic_read                0x08005109   Thumb Code   120  gpio_int.o(.text)
    GPIO_LED_int                             0x08005181   Thumb Code    52  gpio_int.o(.text)
    VIN_Init                                 0x080051b5   Thumb Code   132  gpio_int.o(.text)
    VIN_GetVol_X100                          0x08005239   Thumb Code    64  gpio_int.o(.text)
    SysTickConfig                            0x080052b1   Thumb Code    60  sys.o(.text)
    Delay_us                                 0x080052ed   Thumb Code    20  sys.o(.text)
    Delay_ms                                 0x08005301   Thumb Code    28  sys.o(.text)
    millis                                   0x0800531d   Thumb Code     6  sys.o(.text)
    SysTick_Handler                          0x08005323   Thumb Code    16  sys.o(.text)
    UART1_Init                               0x0800535d   Thumb Code   162  uart1.o(.text)
    uart1_send_byte                          0x080053ff   Thumb Code    26  uart1.o(.text)
    uart1_send_str                           0x08005419   Thumb Code    20  uart1.o(.text)
    USART1_IRQHandler                        0x0800542d   Thumb Code   164  uart1.o(.text)
    fputc                                    0x080054d1   Thumb Code    30  uart1.o(.text)
    fgetc                                    0x080054ef   Thumb Code    26  uart1.o(.text)
    UART2_Init                               0x08005525   Thumb Code   160  uart2.o(.text)
    uart2_send_byte                          0x080055c5   Thumb Code    26  uart2.o(.text)
    uart2_send_str                           0x080055df   Thumb Code    20  uart2.o(.text)
    USART2_IRQHandler                        0x080055f3   Thumb Code   160  uart2.o(.text)
    USART3_Init                              0x080056ad   Thumb Code   170  y_zx_uart3.o(.text)
    uart3_send_str                           0x08005757   Thumb Code    92  y_zx_uart3.o(.text)
    USART3_IRQHandler                        0x080057b3   Thumb Code   154  y_zx_uart3.o(.text)
    UART4_Init                               0x08005869   Thumb Code   162  uart4.o(.text)
    uart4_send_byte                          0x0800590b   Thumb Code    26  uart4.o(.text)
    uart4_send_str                           0x08005925   Thumb Code    20  uart4.o(.text)
    UART4_IRQHandler                         0x08005939   Thumb Code   160  uart4.o(.text)
    UART6_Init                               0x080059f1   Thumb Code   160  uart6.o(.text)
    uart6_send_byte                          0x08005a91   Thumb Code    26  uart6.o(.text)
    uart6_send_str                           0x08005aab   Thumb Code    20  uart6.o(.text)
    USART6_IRQHandler                        0x08005abf   Thumb Code   160  uart6.o(.text)
    BEEP_Init                                0x08005b79   Thumb Code    58  y_beep.o(.text)
    beep_on_times                            0x08005bb3   Thumb Code    56  y_beep.o(.text)
    SPEED_PidCtlA                            0x08005bf1   Thumb Code   104  y_motor.o(.text)
    SPEED_PidCtlB                            0x08005c59   Thumb Code   104  y_motor.o(.text)
    SPEED_PidCtlC                            0x08005cc1   Thumb Code   104  y_motor.o(.text)
    SPEED_PidCtlD                            0x08005d29   Thumb Code   104  y_motor.o(.text)
    MOTOR_A_SetSpeed                         0x08005d91   Thumb Code    72  y_motor.o(.text)
    MOTOR_B_SetSpeed                         0x08005dd9   Thumb Code    72  y_motor.o(.text)
    MOTOR_D_SetSpeed                         0x08005e21   Thumb Code    72  y_motor.o(.text)
    MOTOR_C_SetSpeed                         0x08005e69   Thumb Code    72  y_motor.o(.text)
    SBUS_Init                                0x08005ec9   Thumb Code   166  y_sbus.o(.text)
    UART5_IRQHandler                         0x08005f6f   Thumb Code   282  y_sbus.o(.text)
    SPWM_Init                                0x080060b1   Thumb Code   322  y_spwm.o(.text)
    TIM8_CC_IRQHandler                       0x080061f3   Thumb Code   464  y_spwm.o(.text)
    TIM8_UP_TIM13_IRQHandler                 0x080063c3   Thumb Code    14  y_spwm.o(.text)
    KEY_Scan                                 0x080063fd   Thumb Code    38  y_switch.o(.text)
    SW_Init                                  0x08006423   Thumb Code    70  y_switch.o(.text)
    SW_GetS1                                 0x08006469   Thumb Code    20  y_switch.o(.text)
    SW_GetS2                                 0x0800647d   Thumb Code    20  y_switch.o(.text)
    SW_GetS12                                0x08006491   Thumb Code    34  y_switch.o(.text)
    SpiWriteRead                             0x080064bd   Thumb Code    76  y_w25q64.o(.text)
    SpiFlashRead                             0x08006509   Thumb Code    84  y_w25q64.o(.text)
    spi_set_speed                            0x0800655d   Thumb Code    26  y_w25q64.o(.text)
    SpiFlashInit                             0x08006577   Thumb Code   190  y_w25q64.o(.text)
    setup_w25q64                             0x08006635   Thumb Code   130  y_w25q64.o(.text)
    ws_delay_us                              0x080066b7   Thumb Code    18  y_w25q64.o(.text)
    SpiFlashReadID                           0x080066c9   Thumb Code    72  y_w25q64.o(.text)
    SpiFlashReadSR                           0x08006711   Thumb Code    42  y_w25q64.o(.text)
    SpiFlashWriteSR                          0x0800673b   Thumb Code    42  y_w25q64.o(.text)
    SpiFlashWriteEnable                      0x08006765   Thumb Code    34  y_w25q64.o(.text)
    SpiFlashWriteDisable                     0x08006787   Thumb Code    34  y_w25q64.o(.text)
    SpiFlashReadChar                         0x080067a9   Thumb Code    70  y_w25q64.o(.text)
    SpiFlashWaitBusy                         0x080067ef   Thumb Code    12  y_w25q64.o(.text)
    SpiFlashWritePage                        0x080067fb   Thumb Code   100  y_w25q64.o(.text)
    SpiFlashWriteNoCheck                     0x0800685f   Thumb Code   102  y_w25q64.o(.text)
    SpiFlashEraseSector                      0x080068c5   Thumb Code    68  y_w25q64.o(.text)
    SpiFlashWriteS                           0x08006909   Thumb Code   152  y_w25q64.o(.text)
    SpiFlashWriteSector                      0x080069a1   Thumb Code    16  y_w25q64.o(.text)
    SpiFlashWrite                            0x080069b1   Thumb Code   166  y_w25q64.o(.text)
    SpiFlashWriteChar                        0x08006a57   Thumb Code    72  y_w25q64.o(.text)
    SpiFlashEraseChip                        0x08006a9f   Thumb Code    44  y_w25q64.o(.text)
    SpiFlashPowerDown                        0x08006acb   Thumb Code    38  y_w25q64.o(.text)
    SpiFlashWakeUp                           0x08006af1   Thumb Code    38  y_w25q64.o(.text)
    SERVO_Init                               0x08006b21   Thumb Code   158  y_servo.o(.text)
    servo_pin_set                            0x08006bbf   Thumb Code    60  y_servo.o(.text)
    duoji_doing_set                          0x08006bfb   Thumb Code   404  y_servo.o(.text)
    servo_inc_offset                         0x08006d8f   Thumb Code   142  y_servo.o(.text)
    TIM14_Int_Init                           0x08006e1d   Thumb Code    96  y_servo.o(.text)
    TIM8_TRG_COM_TIM14_IRQHandler            0x08006e7d   Thumb Code   142  y_servo.o(.text)
    Delay2Us                                 0x08006f39   Thumb Code    14  y_mpu6050.o(.text)
    DelayMs                                  0x08006f47   Thumb Code    20  y_mpu6050.o(.text)
    Delayms                                  0x08006f5b   Thumb Code    24  y_mpu6050.o(.text)
    MPU_Write_Byte                           0x08006f73   Thumb Code    60  y_mpu6050.o(.text)
    MPU_Set_LPF                              0x08006faf   Thumb Code    46  y_mpu6050.o(.text)
    MPU_Set_Rate                             0x08006fdd   Thumb Code    44  y_mpu6050.o(.text)
    MPU_Read_Byte                            0x08007009   Thumb Code    58  y_mpu6050.o(.text)
    MPU_Set_Accel_Fsr                        0x08007043   Thumb Code     8  y_mpu6050.o(.text)
    MPU_Set_Gyro_Fsr                         0x0800704b   Thumb Code     8  y_mpu6050.o(.text)
    MPU_Init                                 0x08007053   Thumb Code   124  y_mpu6050.o(.text)
    MPU_Read_Len                             0x080070cf   Thumb Code   106  y_mpu6050.o(.text)
    MPU_Get_Temperature                      0x08007139   Thumb Code    78  y_mpu6050.o(.text)
    MPU_Get_Gyroscope                        0x08007187   Thumb Code    42  y_mpu6050.o(.text)
    MPU_Get_Accelerometer                    0x080071b1   Thumb Code    42  y_mpu6050.o(.text)
    MPU_Write_Len                            0x080071db   Thumb Code    80  y_mpu6050.o(.text)
    IIC_Init                                 0x08007241   Thumb Code    56  y_myiic.o(.text)
    IIC_Start                                0x08007279   Thumb Code    56  y_myiic.o(.text)
    IIC_Stop                                 0x080072b1   Thumb Code    58  y_myiic.o(.text)
    IIC_Wait_Ack                             0x080072eb   Thumb Code    74  y_myiic.o(.text)
    IIC_Ack                                  0x08007335   Thumb Code    56  y_myiic.o(.text)
    IIC_NAck                                 0x0800736d   Thumb Code    56  y_myiic.o(.text)
    IIC_Send_Byte                            0x080073a5   Thumb Code    80  y_myiic.o(.text)
    IIC_Read_Byte                            0x080073f5   Thumb Code    96  y_myiic.o(.text)
    I2C_WriteByte                            0x080074d9   Thumb Code    86  y_oled.o(.text)
    OLED_Write_Dat                           0x0800752f   Thumb Code     6  y_oled.o(.text)
    OLED_Write_Cmd                           0x08007535   Thumb Code     6  y_oled.o(.text)
    OLED_ON                                  0x0800753b   Thumb Code    22  y_oled.o(.text)
    OLED_OFF                                 0x08007551   Thumb Code    22  y_oled.o(.text)
    OLED_Set_Pos                             0x08007567   Thumb Code    36  y_oled.o(.text)
    OLED_Fill                                0x0800758b   Thumb Code    54  y_oled.o(.text)
    OLED_CLS                                 0x080075c1   Thumb Code     4  y_oled.o(.text)
    OLED_Init                                0x080075c5   Thumb Code   248  y_oled.o(.text)
    OLED_P6x8Str                             0x080076bd   Thumb Code    88  y_oled.o(.text)
    OLED_P8x16Str                            0x08007715   Thumb Code   122  y_oled.o(.text)
    OLED_ShowStr                             0x0800778f   Thumb Code   234  y_oled.o(.text)
    OLED_P16x16Ch                            0x08007879   Thumb Code    66  y_oled.o(.text)
    OLED_ShowColorFont                       0x080078bb   Thumb Code    74  y_oled.o(.text)
    OLED_DrawBMP                             0x08007905   Thumb Code    66  y_oled.o(.text)
    OLED_TEST                                0x08007947   Thumb Code    28  y_oled.o(.text)
    ROBOT_Kinematics                         0x080079c5   Thumb Code   770  kinematics.o(.text)
    ROBOT_Stop                               0x08007cc7   Thumb Code    30  kinematics.o(.text)
    setup_kinematics                         0x08007ce5   Thumb Code    38  kinematics.o(.text)
    kinematics_analysis                      0x08007d0b   Thumb Code   978  kinematics.o(.text)
    Robot_Task                               0x08008105   Thumb Code     4  robot.o(.text)
    Bat_Task                                 0x08008109   Thumb Code   104  robot.o(.text)
    Key_Task                                 0x08008171   Thumb Code    40  robot.o(.text)
    main                                     0x080081a1   Thumb Code   202  main.o(.text)
    Timer_Task_Count                         0x0800828d   Thumb Code    38  task_manager.o(.text)
    Execute_Task_List_RUN                    0x080082b3   Thumb Code    44  task_manager.o(.text)
    HFPeriod_1msTask                         0x080082df   Thumb Code   108  task_manager.o(.text)
    task_send_Rece                           0x0800834b   Thumb Code     4  task_manager.o(.text)
    Robot_Control                            0x0800834f   Thumb Code    22  task_manager.o(.text)
    KEY_RUN                                  0x08008365   Thumb Code     2  task_manager.o(.text)
    Task_LED                                 0x08008367   Thumb Code     8  task_manager.o(.text)
    Task_Manage_List_Init                    0x0800836f   Thumb Code    80  task_manager.o(.text)
    soft_reset                               0x080083ed   Thumb Code    36  y_global.o(.text)
    str_contain_str                          0x08008411   Thumb Code    64  y_global.o(.text)
    rewrite_eeprom                           0x08008451   Thumb Code    24  y_global.o(.text)
    zx_uart_send_str                         0x08008469   Thumb Code    48  y_global.o(.text)
    parse_action                             0x08008499   Thumb Code   668  y_global.o(.text)
    kinematics_move                          0x08008735   Thumb Code   238  y_global.o(.text)
    getMaxTime                               0x08008823   Thumb Code    80  y_global.o(.text)
    do_group_once                            0x08008873   Thumb Code    44  y_global.o(.text)
    int_exchange                             0x0800889f   Thumb Code    10  y_global.o(.text)
    print_group                              0x080088a9   Thumb Code    62  y_global.o(.text)
    parse_cmd                                0x080088e7   Thumb Code  1384  y_global.o(.text)
    others_init                              0x08008e4f   Thumb Code   154  y_global.o(.text)
    selection_sort                           0x08008ee9   Thumb Code    64  y_global.o(.text)
    abs_int                                  0x08008f29   Thumb Code     8  y_global.o(.text)
    abs_float                                0x08008f31   Thumb Code    16  y_global.o(.text)
    replace_char                             0x08008f41   Thumb Code    18  y_global.o(.text)
    save_action                              0x08008f53   Thumb Code   226  y_global.o(.text)
    loop_action                              0x08009035   Thumb Code   120  y_global.o(.text)
    get_action_index                         0x080090ad   Thumb Code    56  y_global.o(.text)
    set_servo                                0x080090e5   Thumb Code   394  y_global.o(.text)
    app_sensor_init                          0x08009289   Thumb Code    14  app_sensor.o(.text)
    AI_gensui_moshi                          0x08009297   Thumb Code    70  app_sensor.o(.text)
    AI_ziyou_bizhang                         0x080092dd   Thumb Code   122  app_sensor.o(.text)
    app_sensor_run                           0x08009663   Thumb Code   126  app_sensor.o(.text)
    app_ps2                                  0x080096e1   Thumb Code   786  app_ps2.o(.text)
    Motor_Init                               0x08009a29   Thumb Code    68  motor_control.o(.text)
    Motor_Control_Task                       0x08009a6d   Thumb Code   314  motor_control.o(.text)
    __aeabi_memcpy                           0x08009bb1   Thumb Code    36  memcpya.o(.text)
    __aeabi_memcpy4                          0x08009bb1   Thumb Code     0  memcpya.o(.text)
    __aeabi_memcpy8                          0x08009bb1   Thumb Code     0  memcpya.o(.text)
    __aeabi_memset                           0x08009bd5   Thumb Code    14  memseta.o(.text)
    __aeabi_memset4                          0x08009bd5   Thumb Code     0  memseta.o(.text)
    __aeabi_memset8                          0x08009bd5   Thumb Code     0  memseta.o(.text)
    __aeabi_memclr                           0x08009be3   Thumb Code     4  memseta.o(.text)
    __aeabi_memclr4                          0x08009be3   Thumb Code     0  memseta.o(.text)
    __aeabi_memclr8                          0x08009be3   Thumb Code     0  memseta.o(.text)
    _memset$wrapper                          0x08009be7   Thumb Code    18  memseta.o(.text)
    strlen                                   0x08009bf9   Thumb Code    14  strlen.o(.text)
    strcpy                                   0x08009c07   Thumb Code    18  strcpy.o(.text)
    __0sscanf                                0x08009c19   Thumb Code    48  __0sscanf.o(.text)
    _scanf_int                               0x08009c51   Thumb Code   332  _scanf_int.o(.text)
    _scanf_real                              0x08009ec5   Thumb Code     0  scanf_fp.o(.text)
    _scanf_really_real                       0x08009ec5   Thumb Code   556  scanf_fp.o(.text)
    __aeabi_dadd                             0x0800a0fd   Thumb Code   322  dadd.o(.text)
    __aeabi_dsub                             0x0800a23f   Thumb Code     6  dadd.o(.text)
    __aeabi_drsub                            0x0800a245   Thumb Code     6  dadd.o(.text)
    __aeabi_dmul                             0x0800a24b   Thumb Code   228  dmul.o(.text)
    __aeabi_ddiv                             0x0800a32f   Thumb Code   222  ddiv.o(.text)
    __aeabi_i2d                              0x0800a40d   Thumb Code    34  dflti.o(.text)
    __aeabi_ui2d                             0x0800a42f   Thumb Code    26  dfltui.o(.text)
    __aeabi_d2iz                             0x0800a449   Thumb Code    62  dfixi.o(.text)
    __aeabi_d2uiz                            0x0800a487   Thumb Code    50  dfixui.o(.text)
    __aeabi_f2d                              0x0800a4b9   Thumb Code    38  f2d.o(.text)
    __aeabi_cdrcmple                         0x0800a4e1   Thumb Code    48  cdrcmple.o(.text)
    __aeabi_d2f                              0x0800a511   Thumb Code    56  d2f.o(.text)
    __aeabi_uldivmod                         0x0800a549   Thumb Code    98  uldiv.o(.text)
    __aeabi_llsl                             0x0800a5ab   Thumb Code    30  llshl.o(.text)
    _ll_shift_l                              0x0800a5ab   Thumb Code     0  llshl.o(.text)
    __aeabi_llsr                             0x0800a5c9   Thumb Code    32  llushr.o(.text)
    _ll_ushift_r                             0x0800a5c9   Thumb Code     0  llushr.o(.text)
    __aeabi_lasr                             0x0800a5e9   Thumb Code    36  llsshr.o(.text)
    _ll_sshift_r                             0x0800a5e9   Thumb Code     0  llsshr.o(.text)
    _chval                                   0x0800a60d   Thumb Code    28  _chval.o(.text)
    __vfscanf_char                           0x0800a635   Thumb Code    20  scanf_char.o(.text)
    _sgetc                                   0x0800a651   Thumb Code    30  _sgetc.o(.text)
    _sbackspace                              0x0800a66f   Thumb Code    34  _sgetc.o(.text)
    __I$use$fp                               0x0800a691   Thumb Code     0  iusefp.o(.text)
    _float_round                             0x0800a691   Thumb Code    18  fepilogue.o(.text)
    _float_epilogue                          0x0800a6a3   Thumb Code    92  fepilogue.o(.text)
    _double_round                            0x0800a6ff   Thumb Code    30  depilogue.o(.text)
    _double_epilogue                         0x0800a71d   Thumb Code   156  depilogue.o(.text)
    _dsqrt                                   0x0800a7b9   Thumb Code   162  dsqrt.o(.text)
    __aeabi_ul2d                             0x0800a85b   Thumb Code    24  dfltul.o(.text)
    __scatterload                            0x0800a875   Thumb Code    28  init.o(.text)
    __scatterload_rt2                        0x0800a875   Thumb Code     0  init.o(.text)
    isspace                                  0x0800a899   Thumb Code    10  isspace_c.o(.text)
    __vfscanf                                0x0800a8a5   Thumb Code   810  _scanf.o(.text)
    __ctype_lookup                           0x0800abd5   Thumb Code    34  ctype_c.o(.text)
    __decompress                             0x0800abfd   Thumb Code     0  __dczerorl2.o(.text)
    __decompress1                            0x0800abfd   Thumb Code    86  __dczerorl2.o(.text)
    __0printf$8                              0x0800ac55   Thumb Code    22  printf8.o(i.__0printf$8)
    __1printf$8                              0x0800ac55   Thumb Code     0  printf8.o(i.__0printf$8)
    __2printf                                0x0800ac55   Thumb Code     0  printf8.o(i.__0printf$8)
    __0sprintf$8                             0x0800ac75   Thumb Code    34  printf8.o(i.__0sprintf$8)
    __1sprintf$8                             0x0800ac75   Thumb Code     0  printf8.o(i.__0sprintf$8)
    __2sprintf                               0x0800ac75   Thumb Code     0  printf8.o(i.__0sprintf$8)
    __ARM_fpclassify                         0x0800ac9d   Thumb Code    48  fpclassify.o(i.__ARM_fpclassify)
    __hardfp_acos                            0x0800acd1   Thumb Code   738  acos.o(i.__hardfp_acos)
    __hardfp_atan                            0x0800b029   Thumb Code   622  atan.o(i.__hardfp_atan)
    __hardfp_cos                             0x0800b301   Thumb Code   180  cos.o(i.__hardfp_cos)
    __hardfp_sin                             0x0800b3c9   Thumb Code   180  sin.o(i.__hardfp_sin)
    __hardfp_sqrt                            0x0800b491   Thumb Code   122  sqrt.o(i.__hardfp_sqrt)
    __ieee754_rem_pio2                       0x0800b511   Thumb Code   938  rred.o(i.__ieee754_rem_pio2)
    __kernel_cos                             0x0800b949   Thumb Code   322  cos_i.o(i.__kernel_cos)
    __kernel_poly                            0x0800bab9   Thumb Code   248  poly.o(i.__kernel_poly)
    __kernel_sin                             0x0800bbb1   Thumb Code   280  sin_i.o(i.__kernel_sin)
    __mathlib_dbl_infnan                     0x0800bce1   Thumb Code    20  dunder.o(i.__mathlib_dbl_infnan)
    __mathlib_dbl_invalid                    0x0800bcf9   Thumb Code    24  dunder.o(i.__mathlib_dbl_invalid)
    __mathlib_dbl_underflow                  0x0800bd19   Thumb Code    24  dunder.o(i.__mathlib_dbl_underflow)
    __scatterload_copy                       0x0800bd39   Thumb Code    14  handlers.o(i.__scatterload_copy)
    __scatterload_null                       0x0800bd47   Thumb Code     2  handlers.o(i.__scatterload_null)
    __scatterload_zeroinit                   0x0800bd49   Thumb Code    14  handlers.o(i.__scatterload_zeroinit)
    __set_errno                              0x0800bd59   Thumb Code     6  errno.o(i.__set_errno)
    _is_digit                                0x0800bd65   Thumb Code    14  scanf_fp.o(i._is_digit)
    fabs                                     0x0800c1d5   Thumb Code    24  fabs.o(i.fabs)
    sqrt                                     0x0800c1ed   Thumb Code   110  sqrt.o(i.sqrt)
    F6x8                                     0x0800c446   Data         552  y_oled.o(.constdata)
    F8X16                                    0x0800c66e   Data        1520  y_oled.o(.constdata)
    __ctype_categories                       0x0800ce68   Data          64  ctype_c.o(.constdata)
    Region$$Table$$Base                      0x0800d108   Number         0  anon$$obj.o(Region$$Table)
    Region$$Table$$Limit                     0x0800d128   Number         0  anon$$obj.o(Region$$Table)
    SystemCoreClock                          0x20000000   Data           4  system_stm32f4xx.o(.data)
    AHBPrescTable                            0x20000004   Data          16  system_stm32f4xx.o(.data)
    start_toggle                             0x20000024   Data           1  usbh_hid_core.o(.data)
    HID_cb                                   0x20000028   Data          16  usbh_hid_core.o(.data)
    ps2_do_ok                                0x20000038   Data           1  usbh_hid_gamepad.o(.data)
    HID_GAMEPAD_cb                           0x2000003c   Data           8  usbh_hid_gamepad.o(.data)
    HID_KEYBRD_cb                            0x20000044   Data           8  usbh_hid_keybd.o(.data)
    HID_MOUSE_cb                             0x20000064   Data           8  usbh_hid_mouse.o(.data)
    HID_MOUSE_Data                           0x2000006c   Data           4  usbh_hid_mouse.o(.data)
    USBH_HCD_INT_cb                          0x20000070   Data          20  usbh_core.o(.data)
    USBH_HCD_INT_fops                        0x20000084   Data           4  usbh_core.o(.data)
    bDeviceState                             0x2000008e   Data           1  usbh_usr.o(.data)
    USR_Callbacks                            0x20000090   Data          72  usbh_usr.o(.data)
    ch3_tim_value                            0x20000138   Data           4  y_spwm.o(.data)
    i                                        0x20000144   Data           4  y_w25q64.o(.data)
    GPIO_InitStructure                       0x20000148   Data           8  y_w25q64.o(.data)
    FONT_COLOR                               0x20000152   Data         160  y_oled.o(.data)
    F16x16                                   0x200001f2   Data         128  y_oled.o(.data)
    BMP1                                     0x20000272   Data         768  y_oled.o(.data)
    motor_kp                                 0x20000572   Data           2  robot.o(.data)
    motor_kd                                 0x20000574   Data           2  robot.o(.data)
    Bat_Vol                                  0x20000578   Data           2  robot.o(.data)
    imu_acc_data                             0x2000057a   Data           6  robot.o(.data)
    imu_gyro_data                            0x20000580   Data           6  robot.o(.data)
    AI_mode                                  0x20000588   Data           1  y_global.o(.data)
    group_do_ok                              0x20000589   Data           1  y_global.o(.data)
    forbid_turn                              0x2000058a   Data           1  y_global.o(.data)
    uart_receive_num                         0x2000058b   Data           1  y_global.o(.data)
    uart1_get_ok                             0x2000058c   Data           2  y_global.o(.data)
    action_time                              0x20000590   Data           4  y_global.o(.data)
    do_start_index                           0x20000594   Data           4  y_global.o(.data)
    do_time                                  0x20000598   Data           4  y_global.o(.data)
    group_num_start                          0x2000059c   Data           4  y_global.o(.data)
    group_num_end                            0x200005a0   Data           4  y_global.o(.data)
    group_num_times                          0x200005a4   Data           4  y_global.o(.data)
    uart1_mode                               0x200005b0   Data           1  y_global.o(.data)
    xunji_mode                               0x200005b4   Data           1  app_sensor.o(.data)
    IR_X3                                    0x200005b9   Data           1  app_sensor.o(.data)
    IR_X2                                    0x200005ba   Data           1  app_sensor.o(.data)
    IR_X4                                    0x200005bb   Data           1  app_sensor.o(.data)
    IR_X1                                    0x200005bc   Data           1  app_sensor.o(.data)
    trackState                               0x200005c0   Data           4  app_sensor.o(.data)
    flag_F                                   0x200005d8   Data           4  app_sensor.o(.data)
    forbid_F                                 0x200005dc   Data           4  app_sensor.o(.data)
    ps2_cmd_grn                              0x200005e8   Data          64  app_ps2.o(.data)
    pre_cmd_set_grn                          0x20000628   Data          64  app_ps2.o(.data)
    __stdout                                 0x20000668   Data           4  stdout.o(.data)
    HID_Machine                              0x20000670   Data          84  usbh_hid_core.o(.bss)
    HID_Desc                                 0x200006c4   Data          10  usbh_hid_core.o(.bss)
    ps2_buf                                  0x200006ce   Data          12  usbh_hid_gamepad.o(.bss)
    USBH_CfgDesc                             0x200006da   Data         512  usbh_stdreq.o(.bss)
    SPI_InitStructure                        0x20000916   Data          18  y_w25q64.o(.bss)
    W25Q_BUF                                 0x20000928   Data        4096  y_w25q64.o(.bss)
    duoji_doing                              0x20001928   Data          96  y_servo.o(.bss)
    kinematics                               0x20001988   Data          88  kinematics.o(.bss)
    Vel                                      0x200019e0   Data          36  robot.o(.bss)
    Wheel_A                                  0x20001a08   Data          16  robot.o(.bss)
    Wheel_B                                  0x20001a18   Data          16  robot.o(.bss)
    Wheel_C                                  0x20001a28   Data          16  robot.o(.bss)
    Wheel_D                                  0x20001a38   Data          16  robot.o(.bss)
    USB_OTG_Core_dev                         0x20001a48   Data        1456  main.o(.bss)
    USB_Host                                 0x20001ff8   Data         132  main.o(.bss)
    TasksPare                                0x2000207c   Data          48  task_manager.o(.bss)
    cmd_return                               0x200020ac   Data        1024  y_global.o(.bss)
    eeprom_info                              0x200024ac   Data         196  y_global.o(.bss)
    uart_receive_buf                         0x20002570   Data        1024  y_global.o(.bss)
    Motor_A                                  0x20002970   Data          16  motor_control.o(.bss)
    Motor_B                                  0x20002980   Data          16  motor_control.o(.bss)
    Motor_C                                  0x20002990   Data          16  motor_control.o(.bss)
    Motor_D                                  0x200029a0   Data          16  motor_control.o(.bss)
    __initial_sp                             0x20002db0   Data           0  startup_stm32f40_41xxx.o(STACK)



==============================================================================

Memory Map of the image

  Image Entry point : 0x08000189

  Load Region LR_IROM1 (Base: 0x08000000, Size: 0x0000d798, Max: 0x00080000, ABSOLUTE, COMPRESSED[0x0000d488])

    Execution Region ER_IROM1 (Exec base: 0x08000000, Load base: 0x08000000, Size: 0x0000d128, Max: 0x00080000, ABSOLUTE)

    Exec Addr    Load Addr    Size         Type   Attr      Idx    E Section Name        Object

    0x08000000   0x08000000   0x00000188   Data   RO          159    RESET               startup_stm32f40_41xxx.o
    0x08000188   0x08000188   0x00000000   Code   RO         1867  * .ARM.Collect$$$$00000000  mc_w.l(entry.o)
    0x08000188   0x08000188   0x00000004   Code   RO         2207    .ARM.Collect$$$$00000001  mc_w.l(entry2.o)
    0x0800018c   0x0800018c   0x00000004   Code   RO         2210    .ARM.Collect$$$$00000004  mc_w.l(entry5.o)
    0x08000190   0x08000190   0x00000000   Code   RO         2212    .ARM.Collect$$$$00000008  mc_w.l(entry7b.o)
    0x08000190   0x08000190   0x00000000   Code   RO         2214    .ARM.Collect$$$$0000000A  mc_w.l(entry8b.o)
    0x08000190   0x08000190   0x00000008   Code   RO         2215    .ARM.Collect$$$$0000000B  mc_w.l(entry9a.o)
    0x08000198   0x08000198   0x00000004   Code   RO         2222    .ARM.Collect$$$$0000000E  mc_w.l(entry12b.o)
    0x0800019c   0x0800019c   0x00000000   Code   RO         2217    .ARM.Collect$$$$0000000F  mc_w.l(entry10a.o)
    0x0800019c   0x0800019c   0x00000000   Code   RO         2219    .ARM.Collect$$$$00000011  mc_w.l(entry11a.o)
    0x0800019c   0x0800019c   0x00000004   Code   RO         2208    .ARM.Collect$$$$00002712  mc_w.l(entry2.o)
    0x080001a0   0x080001a0   0x00000010   Code   RO            3    .text               stm32f4xx_it.o
    0x080001b0   0x080001b0   0x0000017c   Code   RO          133    .text               system_stm32f4xx.o
    0x0800032c   0x0800032c   0x00000024   Code   RO          160    .text               startup_stm32f40_41xxx.o
    0x08000350   0x08000350   0x000000b0   Code   RO          166    .text               misc.o
    0x08000400   0x08000400   0x00000354   Code   RO          186    .text               stm32f4xx_adc.o
    0x08000754   0x08000754   0x00000238   Code   RO          266    .text               stm32f4xx_gpio.o
    0x0800098c   0x0800098c   0x00000480   Code   RO          306    .text               stm32f4xx_rcc.o
    0x08000e0c   0x08000e0c   0x0000032c   Code   RO          369    .text               stm32f4xx_spi.o
    0x08001138   0x08001138   0x000009dc   Code   RO          409    .text               stm32f4xx_tim.o
    0x08001b14   0x08001b14   0x00000358   Code   RO          430    .text               stm32f4xx_usart.o
    0x08001e6c   0x08001e6c   0x000003ec   Code   RO          490    .text               usbh_hid_core.o
    0x08002258   0x08002258   0x0000002c   Code   RO          674    .text               usbh_hid_gamepad.o
    0x08002284   0x08002284   0x000000f4   Code   RO          709    .text               usbh_hid_keybd.o
    0x08002378   0x08002378   0x0000001c   Code   RO          740    .text               usbh_hid_mouse.o
    0x08002394   0x08002394   0x00000670   Code   RO          770    .text               usbh_core.o
    0x08002a04   0x08002a04   0x000000ec   Code   RO          804    .text               usbh_hcs.o
    0x08002af0   0x08002af0   0x000001b2   Code   RO          828    .text               usbh_ioreq.o
    0x08002ca2   0x08002ca2   0x00000002   PAD
    0x08002ca4   0x08002ca4   0x00000378   Code   RO          852    .text               usbh_stdreq.o
    0x0800301c   0x0800301c   0x00000e7c   Code   RO          884    .text               usb_hcd_int.o
    0x08003e98   0x08003e98   0x000000b2   Code   RO          912    .text               usb_hcd.o
    0x08003f4a   0x08003f4a   0x00000002   PAD
    0x08003f4c   0x08003f4c   0x000006f8   Code   RO          936    .text               usb_core.o
    0x08004644   0x08004644   0x00000098   Code   RO          961    .text               usb_bsp.o
    0x080046dc   0x080046dc   0x000003b0   Code   RO          986    .text               usbh_usr.o
    0x08004a8c   0x08004a8c   0x00000824   Code   RO         1026    .text               gpio_int.o
    0x080052b0   0x080052b0   0x000000ac   Code   RO         1050    .text               sys.o
    0x0800535c   0x0800535c   0x000001c8   Code   RO         1104    .text               uart1.o
    0x08005524   0x08005524   0x00000188   Code   RO         1130    .text               uart2.o
    0x080056ac   0x080056ac   0x000001bc   Code   RO         1156    .text               y_zx_uart3.o
    0x08005868   0x08005868   0x00000188   Code   RO         1181    .text               uart4.o
    0x080059f0   0x080059f0   0x00000188   Code   RO         1207    .text               uart6.o
    0x08005b78   0x08005b78   0x00000078   Code   RO         1233    .text               y_beep.o
    0x08005bf0   0x08005bf0   0x000002d8   Code   RO         1257    .text               y_motor.o
    0x08005ec8   0x08005ec8   0x000001e8   Code   RO         1282    .text               y_sbus.o
    0x080060b0   0x080060b0   0x0000034c   Code   RO         1315    .text               y_spwm.o
    0x080063fc   0x080063fc   0x000000c0   Code   RO         1345    .text               y_switch.o
    0x080064bc   0x080064bc   0x00000664   Code   RO         1369    .text               y_w25q64.o
    0x08006b20   0x08006b20   0x00000418   Code   RO         1398    .text               y_servo.o
    0x08006f38   0x08006f38   0x00000308   Code   RO         1429    .text               y_mpu6050.o
    0x08007240   0x08007240   0x0000021c   Code   RO         1460    .text               y_myiic.o
    0x0800745c   0x0800745c   0x00000568   Code   RO         1480    .text               y_oled.o
    0x080079c4   0x080079c4   0x00000740   Code   RO         1539    .text               kinematics.o
    0x08008104   0x08008104   0x0000009c   Code   RO         1569    .text               robot.o
    0x080081a0   0x080081a0   0x000000ec   Code   RO         1614    .text               main.o
    0x0800828c   0x0800828c   0x00000160   Code   RO         1642    .text               task_manager.o
    0x080083ec   0x080083ec   0x00000e9c   Code   RO         1672    .text               y_global.o
    0x08009288   0x08009288   0x00000458   Code   RO         1715    .text               app_sensor.o
    0x080096e0   0x080096e0   0x00000348   Code   RO         1743    .text               app_ps2.o
    0x08009a28   0x08009a28   0x00000188   Code   RO         1775    .text               motor_control.o
    0x08009bb0   0x08009bb0   0x00000024   Code   RO         1870    .text               mc_w.l(memcpya.o)
    0x08009bd4   0x08009bd4   0x00000024   Code   RO         1872    .text               mc_w.l(memseta.o)
    0x08009bf8   0x08009bf8   0x0000000e   Code   RO         1874    .text               mc_w.l(strlen.o)
    0x08009c06   0x08009c06   0x00000012   Code   RO         1876    .text               mc_w.l(strcpy.o)
    0x08009c18   0x08009c18   0x00000038   Code   RO         2141    .text               mc_w.l(__0sscanf.o)
    0x08009c50   0x08009c50   0x0000014c   Code   RO         2143    .text               mc_w.l(_scanf_int.o)
    0x08009d9c   0x08009d9c   0x00000360   Code   RO         2145    .text               mc_w.l(scanf_fp.o)
    0x0800a0fc   0x0800a0fc   0x0000014e   Code   RO         2149    .text               mf_w.l(dadd.o)
    0x0800a24a   0x0800a24a   0x000000e4   Code   RO         2151    .text               mf_w.l(dmul.o)
    0x0800a32e   0x0800a32e   0x000000de   Code   RO         2153    .text               mf_w.l(ddiv.o)
    0x0800a40c   0x0800a40c   0x00000022   Code   RO         2155    .text               mf_w.l(dflti.o)
    0x0800a42e   0x0800a42e   0x0000001a   Code   RO         2157    .text               mf_w.l(dfltui.o)
    0x0800a448   0x0800a448   0x0000003e   Code   RO         2159    .text               mf_w.l(dfixi.o)
    0x0800a486   0x0800a486   0x00000032   Code   RO         2161    .text               mf_w.l(dfixui.o)
    0x0800a4b8   0x0800a4b8   0x00000026   Code   RO         2163    .text               mf_w.l(f2d.o)
    0x0800a4de   0x0800a4de   0x00000002   PAD
    0x0800a4e0   0x0800a4e0   0x00000030   Code   RO         2165    .text               mf_w.l(cdrcmple.o)
    0x0800a510   0x0800a510   0x00000038   Code   RO         2167    .text               mf_w.l(d2f.o)
    0x0800a548   0x0800a548   0x00000062   Code   RO         2226    .text               mc_w.l(uldiv.o)
    0x0800a5aa   0x0800a5aa   0x0000001e   Code   RO         2228    .text               mc_w.l(llshl.o)
    0x0800a5c8   0x0800a5c8   0x00000020   Code   RO         2230    .text               mc_w.l(llushr.o)
    0x0800a5e8   0x0800a5e8   0x00000024   Code   RO         2232    .text               mc_w.l(llsshr.o)
    0x0800a60c   0x0800a60c   0x0000001c   Code   RO         2241    .text               mc_w.l(_chval.o)
    0x0800a628   0x0800a628   0x00000028   Code   RO         2243    .text               mc_w.l(scanf_char.o)
    0x0800a650   0x0800a650   0x00000040   Code   RO         2245    .text               mc_w.l(_sgetc.o)
    0x0800a690   0x0800a690   0x00000000   Code   RO         2247    .text               mc_w.l(iusefp.o)
    0x0800a690   0x0800a690   0x0000006e   Code   RO         2248    .text               mf_w.l(fepilogue.o)
    0x0800a6fe   0x0800a6fe   0x000000ba   Code   RO         2250    .text               mf_w.l(depilogue.o)
    0x0800a7b8   0x0800a7b8   0x000000a2   Code   RO         2254    .text               mf_w.l(dsqrt.o)
    0x0800a85a   0x0800a85a   0x00000018   Code   RO         2256    .text               mf_w.l(dfltul.o)
    0x0800a872   0x0800a872   0x00000002   PAD
    0x0800a874   0x0800a874   0x00000024   Code   RO         2262    .text               mc_w.l(init.o)
    0x0800a898   0x0800a898   0x0000000a   Code   RO         2264    .text               mc_w.l(isspace_c.o)
    0x0800a8a2   0x0800a8a2   0x00000002   PAD
    0x0800a8a4   0x0800a8a4   0x00000330   Code   RO         2266    .text               mc_w.l(_scanf.o)
    0x0800abd4   0x0800abd4   0x00000028   Code   RO         2268    .text               mc_w.l(ctype_c.o)
    0x0800abfc   0x0800abfc   0x00000056   Code   RO         2279    .text               mc_w.l(__dczerorl2.o)
    0x0800ac52   0x0800ac52   0x00000002   PAD
    0x0800ac54   0x0800ac54   0x00000020   Code   RO         2087    i.__0printf$8       mc_w.l(printf8.o)
    0x0800ac74   0x0800ac74   0x00000028   Code   RO         2089    i.__0sprintf$8      mc_w.l(printf8.o)
    0x0800ac9c   0x0800ac9c   0x00000030   Code   RO         2192    i.__ARM_fpclassify  m_wm.l(fpclassify.o)
    0x0800accc   0x0800accc   0x00000004   PAD
    0x0800acd0   0x0800acd0   0x00000358   Code   RO         1803    i.__hardfp_acos     m_wm.l(acos.o)
    0x0800b028   0x0800b028   0x000002d8   Code   RO         1817    i.__hardfp_atan     m_wm.l(atan.o)
    0x0800b300   0x0800b300   0x000000c8   Code   RO         1831    i.__hardfp_cos      m_wm.l(cos.o)
    0x0800b3c8   0x0800b3c8   0x000000c8   Code   RO         1843    i.__hardfp_sin      m_wm.l(sin.o)
    0x0800b490   0x0800b490   0x0000007a   Code   RO         1855    i.__hardfp_sqrt     m_wm.l(sqrt.o)
    0x0800b50a   0x0800b50a   0x00000006   PAD
    0x0800b510   0x0800b510   0x00000438   Code   RO         2196    i.__ieee754_rem_pio2  m_wm.l(rred.o)
    0x0800b948   0x0800b948   0x00000170   Code   RO         2169    i.__kernel_cos      m_wm.l(cos_i.o)
    0x0800bab8   0x0800bab8   0x000000f8   Code   RO         2194    i.__kernel_poly     m_wm.l(poly.o)
    0x0800bbb0   0x0800bbb0   0x00000130   Code   RO         2201    i.__kernel_sin      m_wm.l(sin_i.o)
    0x0800bce0   0x0800bce0   0x00000014   Code   RO         2173    i.__mathlib_dbl_infnan  m_wm.l(dunder.o)
    0x0800bcf4   0x0800bcf4   0x00000004   PAD
    0x0800bcf8   0x0800bcf8   0x00000020   Code   RO         2175    i.__mathlib_dbl_invalid  m_wm.l(dunder.o)
    0x0800bd18   0x0800bd18   0x00000020   Code   RO         2178    i.__mathlib_dbl_underflow  m_wm.l(dunder.o)
    0x0800bd38   0x0800bd38   0x0000000e   Code   RO         2273    i.__scatterload_copy  mc_w.l(handlers.o)
    0x0800bd46   0x0800bd46   0x00000002   Code   RO         2274    i.__scatterload_null  mc_w.l(handlers.o)
    0x0800bd48   0x0800bd48   0x0000000e   Code   RO         2275    i.__scatterload_zeroinit  mc_w.l(handlers.o)
    0x0800bd56   0x0800bd56   0x00000002   PAD
    0x0800bd58   0x0800bd58   0x0000000c   Code   RO         2236    i.__set_errno       mc_w.l(errno.o)
    0x0800bd64   0x0800bd64   0x0000000e   Code   RO         2147    i._is_digit         mc_w.l(scanf_fp.o)
    0x0800bd72   0x0800bd72   0x00000002   PAD
    0x0800bd74   0x0800bd74   0x00000404   Code   RO         2094    i._printf_core      mc_w.l(printf8.o)
    0x0800c178   0x0800c178   0x00000024   Code   RO         2095    i._printf_post_padding  mc_w.l(printf8.o)
    0x0800c19c   0x0800c19c   0x0000002e   Code   RO         2096    i._printf_pre_padding  mc_w.l(printf8.o)
    0x0800c1ca   0x0800c1ca   0x0000000a   Code   RO         2098    i._sputc            mc_w.l(printf8.o)
    0x0800c1d4   0x0800c1d4   0x00000018   Code   RO         2188    i.fabs              m_wm.l(fabs.o)
    0x0800c1ec   0x0800c1ec   0x0000006e   Code   RO         1857    i.sqrt              m_wm.l(sqrt.o)
    0x0800c25a   0x0800c25a   0x000001ec   Data   RO          710    .constdata          usbh_hid_keybd.o
    0x0800c446   0x0800c446   0x00000818   Data   RO         1481    .constdata          y_oled.o
    0x0800cc5e   0x0800cc5e   0x00000002   PAD
    0x0800cc60   0x0800cc60   0x00000050   Data   RO         1806    .constdata          m_wm.l(acos.o)
    0x0800ccb0   0x0800ccb0   0x00000098   Data   RO         1820    .constdata          m_wm.l(atan.o)
    0x0800cd48   0x0800cd48   0x00000030   Data   RO         2170    .constdata          m_wm.l(cos_i.o)
    0x0800cd78   0x0800cd78   0x000000c8   Data   RO         2198    .constdata          m_wm.l(rred.o)
    0x0800ce40   0x0800ce40   0x00000028   Data   RO         2202    .constdata          m_wm.l(sin_i.o)
    0x0800ce68   0x0800ce68   0x00000040   Data   RO         2269    .constdata          mc_w.l(ctype_c.o)
    0x0800cea8   0x0800cea8   0x0000025d   Data   RO         1744    .conststring        app_ps2.o
    0x0800d105   0x0800d105   0x00000003   PAD
    0x0800d108   0x0800d108   0x00000020   Data   RO         2271    Region$$Table       anon$$obj.o


    Execution Region RW_IRAM2 (Exec base: 0x10000000, Load base: 0x0800d488, Size: 0x00000000, Max: 0x00010000, ABSOLUTE)

    **** No section assigned to this execution region ****


    Execution Region RW_IRAM1 (Exec base: 0x20000000, Load base: 0x0800d128, Size: 0x00002db0, Max: 0x00020000, ABSOLUTE, COMPRESSED[0x00000360])

    Exec Addr    Load Addr    Size         Type   Attr      Idx    E Section Name        Object

    0x20000000   COMPRESSED   0x00000014   Data   RW          134    .data               system_stm32f4xx.o
    0x20000014   COMPRESSED   0x00000010   Data   RW          307    .data               stm32f4xx_rcc.o
    0x20000024   COMPRESSED   0x00000001   Data   RW          493    .data               usbh_hid_core.o
    0x20000025   COMPRESSED   0x00000003   PAD
    0x20000028   COMPRESSED   0x00000010   Data   RW          494    .data               usbh_hid_core.o
    0x20000038   COMPRESSED   0x00000001   Data   RW          676    .data               usbh_hid_gamepad.o
    0x20000039   COMPRESSED   0x00000003   PAD
    0x2000003c   COMPRESSED   0x00000008   Data   RW          677    .data               usbh_hid_gamepad.o
    0x20000044   COMPRESSED   0x00000008   Data   RW          711    .data               usbh_hid_keybd.o
    0x2000004c   COMPRESSED   0x00000017   Data   RW          712    .data               usbh_hid_keybd.o
    0x20000063   COMPRESSED   0x00000001   PAD
    0x20000064   COMPRESSED   0x00000008   Data   RW          741    .data               usbh_hid_mouse.o
    0x2000006c   COMPRESSED   0x00000004   Data   RW          742    .data               usbh_hid_mouse.o
    0x20000070   COMPRESSED   0x00000014   Data   RW          771    .data               usbh_core.o
    0x20000084   COMPRESSED   0x00000004   Data   RW          772    .data               usbh_core.o
    0x20000088   COMPRESSED   0x00000002   Data   RW          774    .data               usbh_core.o
    0x2000008a   COMPRESSED   0x00000004   Data   RW          854    .data               usbh_stdreq.o
    0x2000008e   COMPRESSED   0x00000001   Data   RW          987    .data               usbh_usr.o
    0x2000008f   COMPRESSED   0x00000001   PAD
    0x20000090   COMPRESSED   0x00000048   Data   RW          989    .data               usbh_usr.o
    0x200000d8   COMPRESSED   0x00000004   Data   RW         1051    .data               sys.o
    0x200000dc   COMPRESSED   0x00000002   Data   RW         1105    .data               uart1.o
    0x200000de   COMPRESSED   0x00000002   Data   RW         1131    .data               uart2.o
    0x200000e0   COMPRESSED   0x00000002   Data   RW         1157    .data               y_zx_uart3.o
    0x200000e2   COMPRESSED   0x00000002   Data   RW         1182    .data               uart4.o
    0x200000e4   COMPRESSED   0x00000002   Data   RW         1208    .data               uart6.o
    0x200000e6   COMPRESSED   0x00000002   PAD
    0x200000e8   COMPRESSED   0x00000028   Data   RW         1258    .data               y_motor.o
    0x20000110   COMPRESSED   0x00000001   Data   RW         1284    .data               y_sbus.o
    0x20000111   COMPRESSED   0x00000003   PAD
    0x20000114   COMPRESSED   0x0000002c   Data   RW         1316    .data               y_spwm.o
    0x20000140   COMPRESSED   0x00000010   Data   RW         1371    .data               y_w25q64.o
    0x20000150   COMPRESSED   0x00000002   Data   RW         1400    .data               y_servo.o
    0x20000152   COMPRESSED   0x00000420   Data   RW         1482    .data               y_oled.o
    0x20000572   COMPRESSED   0x00000002   Data   RW         1577    .data               robot.o
    0x20000574   COMPRESSED   0x00000002   Data   RW         1578    .data               robot.o
    0x20000576   COMPRESSED   0x00000004   Data   RW         1580    .data               robot.o
    0x2000057a   COMPRESSED   0x00000006   Data   RW         1582    .data               robot.o
    0x20000580   COMPRESSED   0x00000006   Data   RW         1583    .data               robot.o
    0x20000586   COMPRESSED   0x00000002   Data   RW         1645    .data               task_manager.o
    0x20000588   COMPRESSED   0x00000028   Data   RW         1674    .data               y_global.o
    0x200005b0   COMPRESSED   0x00000001   Data   RW         1677    .data               y_global.o
    0x200005b1   COMPRESSED   0x00000003   PAD
    0x200005b4   COMPRESSED   0x0000002c   Data   RW         1716    .data               app_sensor.o
    0x200005e0   COMPRESSED   0x00000088   Data   RW         1745    .data               app_ps2.o
    0x20000668   COMPRESSED   0x00000004   Data   RW         2223    .data               mc_w.l(stdout.o)
    0x2000066c   COMPRESSED   0x00000004   Data   RW         2237    .data               mc_w.l(errno.o)
    0x20000670        -       0x0000005e   Zero   RW          491    .bss                usbh_hid_core.o
    0x200006ce        -       0x0000000c   Zero   RW          675    .bss                usbh_hid_gamepad.o
    0x200006da        -       0x00000200   Zero   RW          853    .bss                usbh_stdreq.o
    0x200008da        -       0x0000003c   Zero   RW         1283    .bss                y_sbus.o
    0x20000916        -       0x00001012   Zero   RW         1370    .bss                y_w25q64.o
    0x20001928        -       0x00000060   Zero   RW         1399    .bss                y_servo.o
    0x20001988        -       0x00000058   Zero   RW         1540    .bss                kinematics.o
    0x200019e0        -       0x00000024   Zero   RW         1571    .bss                robot.o
    0x20001a04   COMPRESSED   0x00000004   PAD
    0x20001a08        -       0x00000010   Zero   RW         1572    .bss                robot.o
    0x20001a18        -       0x00000010   Zero   RW         1573    .bss                robot.o
    0x20001a28        -       0x00000010   Zero   RW         1574    .bss                robot.o
    0x20001a38        -       0x00000010   Zero   RW         1575    .bss                robot.o
    0x20001a48        -       0x00000634   Zero   RW         1615    .bss                main.o
    0x2000207c        -       0x00000030   Zero   RW         1643    .bss                task_manager.o
    0x200020ac        -       0x000008c4   Zero   RW         1673    .bss                y_global.o
    0x20002970        -       0x00000040   Zero   RW         1776    .bss                motor_control.o
    0x200029b0        -       0x00000400   Zero   RW          157    STACK               startup_stm32f40_41xxx.o


==============================================================================

Image component sizes


      Code (inc. data)   RO Data    RW Data    ZI Data      Debug   Object Name

       840         54        605        136          0       2112   app_ps2.o
      1112         42          0         44          0       3174   app_sensor.o
      2084         88          0          0          0       6545   gpio_int.o
      1856        124          0          0         88       3756   kinematics.o
       236         34          0          0       1588        919   main.o
       176         12          0          0          0       2033   misc.o
       392         10          0          0         64       1626   motor_control.o
       156          8          0         20        100       4152   robot.o
        36          8        392          0       1024        816   startup_stm32f40_41xxx.o
       852         20          0          0          0      10922   stm32f4xx_adc.o
       568         46          0          0          0       4605   stm32f4xx_gpio.o
        16          0          0          0          0     304662   stm32f4xx_it.o
      1152         48          0         16          0      13400   stm32f4xx_rcc.o
       812         38          0          0          0       7413   stm32f4xx_spi.o
      2524         52          0          0          0      23118   stm32f4xx_tim.o
       856         32          0          0          0       8268   stm32f4xx_usart.o
       172         10          0          4          0      28344   sys.o
       380         36          0         20          0       2019   system_stm32f4xx.o
       352         46          0          2         48       2847   task_manager.o
       456         28          0          2          0       3516   uart1.o
       392         26          0          2          0       1840   uart2.o
       392         24          0          2          0       1847   uart4.o
       392         26          0          2          0       1844   uart6.o
       152          8          0          0          0       2465   usb_bsp.o
      1784         16          0          0          0      10552   usb_core.o
       178          0          0          0          0       3242   usb_hcd.o
      3708         10          0          0          0       6911   usb_hcd_int.o
      1648         46          0         26          0       7816   usbh_core.o
       236          0          0          0          0       2812   usbh_hcs.o
      1004         76          0         17         94      34572   usbh_hid_core.o
        44          8          0          9         12       3104   usbh_hid_gamepad.o
       244         12        492         31          0       2008   usbh_hid_keybd.o
        28          4          0         12          0       1738   usbh_hid_mouse.o
       434          0          0          0          0       4532   usbh_ioreq.o
       888         10          0          4        512       6763   usbh_stdreq.o
       944        690          0         73          0       5188   usbh_usr.o
       120          6          0          0          0        818   y_beep.o
      3740        740          0         41       2244      12487   y_global.o
       728         24          0         40          0       2906   y_motor.o
       776         22          0          0          0       4822   y_mpu6050.o
       540          8          0          0          0       2024   y_myiic.o
      1384         40       2072       1056          0       7391   y_oled.o
       488         40          0          1         60       1773   y_sbus.o
      1048         52          0          2         96       4539   y_servo.o
       844         44          0         44          0       2380   y_spwm.o
       192         10          0          0          0       1263   y_switch.o
      1636         50          0         16       4114       7538   y_w25q64.o
       444         28          0          2          0       1739   y_zx_uart3.o

    ----------------------------------------------------------------------
     39440       2756       3598       1640      10048     581161   Object Totals
         0          0         32          0          0          0   (incl. Generated)
         4          0          5         16          4          0   (incl. Padding)

    ----------------------------------------------------------------------

      Code (inc. data)   RO Data    RW Data    ZI Data      Debug   Library Member Name

       856        118         80          0          0        288   acos.o
       728        106        152          0          0        228   atan.o
       200         20          0          0          0        164   cos.o
       368         46         48          0          0        200   cos_i.o
        84         16          0          0          0        372   dunder.o
        24          0          0          0          0        124   fabs.o
        48          0          0          0          0        124   fpclassify.o
       248          0          0          0          0        152   poly.o
      1080        142        200          0          0        188   rred.o
       200         20          0          0          0        164   sin.o
       304         24         40          0          0        208   sin_i.o
       232          0          0          0          0        296   sqrt.o
        56          8          0          0          0         84   __0sscanf.o
        86          0          0          0          0          0   __dczerorl2.o
        28          0          0          0          0         68   _chval.o
       816          6          0          0          0        112   _scanf.o
       332          0          0          0          0         96   _scanf_int.o
        64          0          0          0          0         84   _sgetc.o
        40          6         64          0          0         68   ctype_c.o
         0          0          0          0          0          0   entry.o
         0          0          0          0          0          0   entry10a.o
         0          0          0          0          0          0   entry11a.o
         4          0          0          0          0          0   entry12b.o
         8          4          0          0          0          0   entry2.o
         4          0          0          0          0          0   entry5.o
         0          0          0          0          0          0   entry7b.o
         0          0          0          0          0          0   entry8b.o
         8          4          0          0          0          0   entry9a.o
        12          6          0          4          0         68   errno.o
        30          0          0          0          0          0   handlers.o
        36          8          0          0          0         68   init.o
        10          0          0          0          0         68   isspace_c.o
         0          0          0          0          0          0   iusefp.o
        30          0          0          0          0         68   llshl.o
        36          0          0          0          0         68   llsshr.o
        32          0          0          0          0         68   llushr.o
        36          0          0          0          0         68   memcpya.o
        36          0          0          0          0        108   memseta.o
      1192         60          0          0          0        504   printf8.o
        40          8          0          0          0         84   scanf_char.o
       878         12          0          0          0        216   scanf_fp.o
         0          0          0          4          0          0   stdout.o
        18          0          0          0          0         68   strcpy.o
        14          0          0          0          0         68   strlen.o
        98          0          0          0          0         92   uldiv.o
        48          0          0          0          0         68   cdrcmple.o
        56          0          0          0          0         88   d2f.o
       334          0          0          0          0        148   dadd.o
       222          0          0          0          0        100   ddiv.o
       186          0          0          0          0        176   depilogue.o
        62          0          0          0          0         80   dfixi.o
        50          0          0          0          0         76   dfixui.o
        34          0          0          0          0         76   dflti.o
        26          0          0          0          0         76   dfltui.o
        24          0          0          0          0         76   dfltul.o
       228          0          0          0          0         96   dmul.o
       162          0          0          0          0        100   dsqrt.o
        38          0          0          0          0         68   f2d.o
       110          0          0          0          0        168   fepilogue.o

    ----------------------------------------------------------------------
      9922        614        584          8          0       6032   Library Totals
        26          0          0          0          0          0   (incl. Padding)

    ----------------------------------------------------------------------

      Code (inc. data)   RO Data    RW Data    ZI Data      Debug   Library Name

      4372        492        520          0          0       2508   m_wm.l
      3944        122         64          8          0       2128   mc_w.l
      1580          0          0          0          0       1396   mf_w.l

    ----------------------------------------------------------------------
      9922        614        584          8          0       6032   Library Totals

    ----------------------------------------------------------------------

==============================================================================


      Code (inc. data)   RO Data    RW Data    ZI Data      Debug   

     49362       3370       4182       1648      10048     574253   Grand Totals
     49362       3370       4182        864      10048     574253   ELF Image Totals (compressed)
     49362       3370       4182        864          0          0   ROM Totals

==============================================================================

    Total RO  Size (Code + RO Data)                53544 (  52.29kB)
    Total RW  Size (RW Data + ZI Data)             11696 (  11.42kB)
    Total ROM Size (Code + RO Data + RW Data)      54408 (  53.13kB)

==============================================================================

