<html>
<body>
<pre>
<h1>µVision Build Log</h1>
<h2>Tool Versions:</h2>
IDE-Version: ¦ÌVision V5.41.0.0
Copyright (C) 2024 ARM Ltd and ARM Germany GmbH. All rights reserved.
License Information: Yuheng Huang, Zhejiang Univerisity, LIC=ZB4EI-T37M1-JJB6S-LJH0B-JDCA5-DWKTL
 
Tool Versions:
Toolchain:       MDK-ARM Plus  Version: 5.41.0.0
Toolchain Path:  C:\Users\hz_le\AppData\Local\Keil_v5\ARM\ARMCC\Bin
C Compiler:      Armcc.exe V5.06 update 7 (build 960)
Assembler:       Armasm.exe V5.06 update 7 (build 960)
Linker/Locator:  ArmLink.exe V5.06 update 7 (build 960)
Library Manager: ArmAr.exe V5.06 update 7 (build 960)
Hex Converter:   FromElf.exe V5.06 update 7 (build 960)
CPU DLL:         SARMCM3.DLL V5.41.0.0
Dialog DLL:      DCM.DLL V1.17.5.0
Target DLL:      STLink\ST-LINKIII-KEIL_SWO.dll V3.3.0.0
Dialog DLL:      TCM.DLL V1.56.4.0
 
<h2>Project:</h2>
C:\Users\hz_le\Desktop\Ñ²Ïß\project\SJRobot_center.uvprojx
Project File Date:  03/22/2025

<h2>Output:</h2>
*** Using Compiler 'V5.06 update 7 (build 960)', folder: 'C:\Users\hz_le\AppData\Local\Keil_v5\ARM\ARMCC\Bin'
Rebuild target 'SJRobot_center'
assembling startup_stm32f40_41xxx.s...
compiling stm32f4xx_it.c...
compiling system_stm32f4xx.c...
compiling stm32f4xx_gpio.c...
compiling stm32f4xx_usart.c...
compiling stm32f4xx_syscfg.c...
compiling stm32f4xx_crc.c...
compiling stm32f4xx_exti.c...
compiling stm32f4xx_dma.c...
compiling stm32f4xx_adc.c...
compiling stm32f4xx_i2c.c...
compiling stm32f4xx_spi.c...
compiling stm32f4xx_rtc.c...
compiling stm32f4xx_rcc.c...
compiling stm32f4xx_sdio.c...
compiling stm32f4xx_dac.c...
compiling misc.c...
compiling usbh_hid_mouse.c...
compiling stm32f4xx_tim.c...
compiling stm32f4xx_can.c...
compiling usbh_hid_keybd.c...
compiling usbh_hid_gamepad.c...
compiling usbh_hid_core.c...
compiling usbh_core.c...
compiling usbh_hcs.c...
compiling usbh_ioreq.c...
compiling usbh_stdreq.c...
compiling usb_hcd.c...
compiling usb_hcd_int.c...
compiling Sys.c...
compiling usb_bsp.c...
compiling usb_core.c...
compiling can.c...
compiling usbh_usr.c...
compiling GPIO_int.c...
compiling uart2.c...
compiling uart1.c...
compiling y_zx_uart3.c...
compiling uart4.c...
compiling uart6.c...
compiling y_beep.c...
compiling y_sbus.c...
compiling y_motor.c...
compiling y_spwm.c...
compiling y_switch.c...
compiling y_mpu6050.c...
compiling y_servo.c...
compiling y_w25q64.c...
compiling y_myiic.c...
compiling Common_Math.c...
compiling y_oled.c...
compiling kinematics.c...
compiling robot.c...
compiling main.c...
compiling app_sensor.c...
compiling Task_manager.c...
compiling app_ps2.c...
compiling y_global.c...
linking...
Program Size: Code=48994 RO-data=4182 RW-data=1648 ZI-data=9976  
FromELF: creating hex file...
".\Objects\SJRobot_center.axf" - 0 Error(s), 0 Warning(s).

<h2>Software Packages used:</h2>

Package Vendor: Keil
                https://www.keil.com/pack/Keil.STM32F4xx_DFP.3.0.0.pack
                Keil::STM32F4xx_DFP@3.0.0
                STMicroelectronics STM32F4 Series Device Support

<h2>Collection of Component include folders:</h2>

<h2>Collection of Component Files used:</h2>
Build Time Elapsed:  00:00:03
</pre>
</body>
</html>
